[2026-08-19T17:53:44.417+0000] {manager.py:483} INFO - Processing files using up to 2 processes at a time 
[2026-08-19T17:53:44.419+0000] {manager.py:484} INFO - Process each file at most once every 30 seconds
[2026-08-19T17:53:44.419+0000] {manager.py:485} INFO - Checking for new files in /opt/airflow/dags every 300 seconds
[2026-08-19T17:53:44.421+0000] {manager.py:821} INFO - Searching for files in /opt/airflow/dags
[2026-08-19T17:53:44.423+0000] {manager.py:824} INFO - There are 1 files in /opt/airflow/dags
[2026-08-19T17:53:44.601+0000] {manager.py:997} INFO - 
================================================================================
DAG File Processing Stats

File Path                               PID  Runtime      # DAGs    # Errors  Last Runtime    Last Run      Last # of DB Queries
------------------------------------  -----  ---------  --------  ----------  --------------  ----------  ----------------------
/opt/airflow/dags/aiwork_pipeline.py    164  0.09s             0           0                                                   0
================================================================================
[2026-08-19T17:54:14.875+0000] {manager.py:997} INFO - 
================================================================================
DAG File Processing Stats

File Path                             PID    Runtime      # DAGs    # Errors  Last Runtime    Last Run               Last # of DB Queries
------------------------------------  -----  ---------  --------  ----------  --------------  -------------------  ----------------------
/opt/airflow/dags/aiwork_pipeline.py                           1           0  0.51s           2026-08-19T17:53:45                      45
================================================================================
[2026-08-19T17:54:45.161+0000] {manager.py:997} INFO - 
================================================================================
DAG File Processing Stats

File Path                             PID    Runtime      # DAGs    # Errors  Last Runtime    Last Run               Last # of DB Queries
------------------------------------  -----  ---------  --------  ----------  --------------  -------------------  ----------------------
/opt/airflow/dags/aiwork_pipeline.py                           1           0  0.46s           2026-08-19T17:54:15                      12
================================================================================
[2026-08-19T17:55:15.512+0000] {manager.py:997} INFO - 
================================================================================
DAG File Processing Stats

File Path                             PID    Runtime      # DAGs    # Errors  Last Runtime    Last Run               Last # of DB Queries
------------------------------------  -----  ---------  --------  ----------  --------------  -------------------  ----------------------
/opt/airflow/dags/aiwork_pipeline.py                           1           0  0.21s           2026-08-19T17:54:46                      12
================================================================================
[2026-08-19T17:55:46.030+0000] {manager.py:997} INFO - 
================================================================================
DAG File Processing Stats

File Path                             PID    Runtime      # DAGs    # Errors  Last Runtime    Last Run               Last # of DB Queries
------------------------------------  -----  ---------  --------  ----------  --------------  -------------------  ----------------------
/opt/airflow/dags/aiwork_pipeline.py                           1           0  0.16s           2026-08-19T17:55:16                      12
================================================================================
[2026-08-19T17:56:16.435+0000] {manager.py:997} INFO - 
================================================================================
DAG File Processing Stats

File Path                             PID    Runtime      # DAGs    # Errors  Last Runtime    Last Run               Last # of DB Queries
------------------------------------  -----  ---------  --------  ----------  --------------  -------------------  ----------------------
/opt/airflow/dags/aiwork_pipeline.py                           1           0  0.13s           2026-08-19T17:55:47                      12
================================================================================
[2026-08-19T17:56:46.845+0000] {manager.py:997} INFO - 
================================================================================
DAG File Processing Stats

File Path                             PID    Runtime      # DAGs    # Errors  Last Runtime    Last Run               Last # of DB Queries
------------------------------------  -----  ---------  --------  ----------  --------------  -------------------  ----------------------
/opt/airflow/dags/aiwork_pipeline.py                           1           0  0.15s           2026-08-19T17:56:17                      12
================================================================================
[2026-08-19T17:57:17.286+0000] {manager.py:997} INFO - 
================================================================================
DAG File Processing Stats

File Path                             PID    Runtime      # DAGs    # Errors  Last Runtime    Last Run               Last # of DB Queries
------------------------------------  -----  ---------  --------  ----------  --------------  -------------------  ----------------------
/opt/airflow/dags/aiwork_pipeline.py                           1           0  0.18s           2026-08-19T17:56:48                      12
================================================================================
[2026-08-19T17:57:47.715+0000] {manager.py:997} INFO - 
================================================================================
DAG File Processing Stats

File Path                             PID    Runtime      # DAGs    # Errors  Last Runtime    Last Run               Last # of DB Queries
------------------------------------  -----  ---------  --------  ----------  --------------  -------------------  ----------------------
/opt/airflow/dags/aiwork_pipeline.py                           1           0  0.25s           2026-08-19T17:57:18                      12
================================================================================
[2026-08-19T17:58:18.256+0000] {manager.py:997} INFO - 
================================================================================
DAG File Processing Stats

File Path                             PID    Runtime      # DAGs    # Errors  Last Runtime    Last Run               Last # of DB Queries
------------------------------------  -----  ---------  --------  ----------  --------------  -------------------  ----------------------
/opt/airflow/dags/aiwork_pipeline.py                           1           0  0.21s           2026-08-19T17:57:48                      12
================================================================================
[2026-08-19T17:58:44.581+0000] {manager.py:821} INFO - Searching for files in /opt/airflow/dags
[2026-08-19T17:58:44.593+0000] {manager.py:824} INFO - There are 1 files in /opt/airflow/dags
[2026-08-19T17:58:48.664+0000] {manager.py:997} INFO - 
================================================================================
DAG File Processing Stats

File Path                             PID    Runtime      # DAGs    # Errors  Last Runtime    Last Run               Last # of DB Queries
------------------------------------  -----  ---------  --------  ----------  --------------  -------------------  ----------------------
/opt/airflow/dags/aiwork_pipeline.py                           1           0  0.17s           2026-08-19T17:58:19                      12
================================================================================
[2026-08-19T17:59:19.076+0000] {manager.py:997} INFO - 
================================================================================
DAG File Processing Stats

File Path                             PID    Runtime      # DAGs    # Errors  Last Runtime    Last Run               Last # of DB Queries
------------------------------------  -----  ---------  --------  ----------  --------------  -------------------  ----------------------
/opt/airflow/dags/aiwork_pipeline.py                           1           0  0.15s           2026-08-19T17:58:49                      12
================================================================================
[2026-08-19T17:59:49.420+0000] {manager.py:997} INFO - 
================================================================================
DAG File Processing Stats

File Path                             PID    Runtime      # DAGs    # Errors  Last Runtime    Last Run               Last # of DB Queries
------------------------------------  -----  ---------  --------  ----------  --------------  -------------------  ----------------------
/opt/airflow/dags/aiwork_pipeline.py                           1           0  0.14s           2026-08-19T17:59:20                      12
================================================================================
[2026-08-19T18:00:19.865+0000] {manager.py:997} INFO - 
================================================================================
DAG File Processing Stats

File Path                             PID    Runtime      # DAGs    # Errors  Last Runtime    Last Run               Last # of DB Queries
------------------------------------  -----  ---------  --------  ----------  --------------  -------------------  ----------------------
/opt/airflow/dags/aiwork_pipeline.py                           1           0  0.17s           2026-08-19T17:59:50                      12
================================================================================
[2026-08-19T18:00:50.246+0000] {manager.py:997} INFO - 
================================================================================
DAG File Processing Stats

File Path                             PID    Runtime      # DAGs    # Errors  Last Runtime    Last Run               Last # of DB Queries
------------------------------------  -----  ---------  --------  ----------  --------------  -------------------  ----------------------
/opt/airflow/dags/aiwork_pipeline.py                           1           0  0.17s           2026-08-19T18:00:21                      12
================================================================================
[2026-08-19T18:01:20.700+0000] {manager.py:997} INFO - 
================================================================================
DAG File Processing Stats

File Path                             PID    Runtime      # DAGs    # Errors  Last Runtime    Last Run               Last # of DB Queries
------------------------------------  -----  ---------  --------  ----------  --------------  -------------------  ----------------------
/opt/airflow/dags/aiwork_pipeline.py                           1           0  0.18s           2026-08-19T18:00:51                      12
================================================================================
[2026-08-19T18:01:51.178+0000] {manager.py:997} INFO - 
================================================================================
DAG File Processing Stats

File Path                             PID    Runtime      # DAGs    # Errors  Last Runtime    Last Run               Last # of DB Queries
------------------------------------  -----  ---------  --------  ----------  --------------  -------------------  ----------------------
/opt/airflow/dags/aiwork_pipeline.py                           1           0  0.18s           2026-08-19T18:01:21                      12
================================================================================
[2026-08-19T18:02:21.553+0000] {manager.py:997} INFO - 
================================================================================
DAG File Processing Stats

File Path                             PID    Runtime      # DAGs    # Errors  Last Runtime    Last Run               Last # of DB Queries
------------------------------------  -----  ---------  --------  ----------  --------------  -------------------  ----------------------
/opt/airflow/dags/aiwork_pipeline.py                           1           0  0.14s           2026-08-19T18:01:52                      12
================================================================================
[2026-08-19T18:02:51.944+0000] {manager.py:997} INFO - 
================================================================================
DAG File Processing Stats

File Path                             PID    Runtime      # DAGs    # Errors  Last Runtime    Last Run               Last # of DB Queries
------------------------------------  -----  ---------  --------  ----------  --------------  -------------------  ----------------------
/opt/airflow/dags/aiwork_pipeline.py                           1           0  0.13s           2026-08-19T18:02:22                      12
================================================================================
[2026-08-19T18:03:22.362+0000] {manager.py:997} INFO - 
================================================================================
DAG File Processing Stats

File Path                             PID    Runtime      # DAGs    # Errors  Last Runtime    Last Run               Last # of DB Queries
------------------------------------  -----  ---------  --------  ----------  --------------  -------------------  ----------------------
/opt/airflow/dags/aiwork_pipeline.py                           1           0  0.14s           2026-08-19T18:02:53                      12
================================================================================
[2026-08-19T18:03:44.731+0000] {manager.py:821} INFO - Searching for files in /opt/airflow/dags
[2026-08-19T18:03:44.742+0000] {manager.py:824} INFO - There are 1 files in /opt/airflow/dags
[2026-08-19T18:03:52.850+0000] {manager.py:997} INFO - 
================================================================================
DAG File Processing Stats

File Path                             PID    Runtime      # DAGs    # Errors  Last Runtime    Last Run               Last # of DB Queries
------------------------------------  -----  ---------  --------  ----------  --------------  -------------------  ----------------------
/opt/airflow/dags/aiwork_pipeline.py                           1           0  0.18s           2026-08-19T18:03:23                      12
================================================================================
[2026-08-19T18:04:23.251+0000] {manager.py:997} INFO - 
================================================================================
DAG File Processing Stats

File Path                             PID    Runtime      # DAGs    # Errors  Last Runtime    Last Run               Last # of DB Queries
------------------------------------  -----  ---------  --------  ----------  --------------  -------------------  ----------------------
/opt/airflow/dags/aiwork_pipeline.py                           1           0  0.26s           2026-08-19T18:03:54                      12
================================================================================
[2026-08-19T18:04:53.630+0000] {manager.py:997} INFO - 
================================================================================
DAG File Processing Stats

File Path                             PID    Runtime      # DAGs    # Errors  Last Runtime    Last Run               Last # of DB Queries
------------------------------------  -----  ---------  --------  ----------  --------------  -------------------  ----------------------
/opt/airflow/dags/aiwork_pipeline.py                           1           0  0.15s           2026-08-19T18:04:24                      12
================================================================================
[2026-08-19T18:05:24.204+0000] {manager.py:997} INFO - 
================================================================================
DAG File Processing Stats

File Path                             PID    Runtime      # DAGs    # Errors  Last Runtime    Last Run               Last # of DB Queries
------------------------------------  -----  ---------  --------  ----------  --------------  -------------------  ----------------------
/opt/airflow/dags/aiwork_pipeline.py                           1           0  0.21s           2026-08-19T18:04:54                      12
================================================================================
[2026-08-19T18:05:54.693+0000] {manager.py:997} INFO - 
================================================================================
DAG File Processing Stats

File Path                             PID    Runtime      # DAGs    # Errors  Last Runtime    Last Run               Last # of DB Queries
------------------------------------  -----  ---------  --------  ----------  --------------  -------------------  ----------------------
/opt/airflow/dags/aiwork_pipeline.py                           1           0  0.19s           2026-08-19T18:05:25                      12
================================================================================
[2026-08-19T18:06:25.109+0000] {manager.py:997} INFO - 
================================================================================
DAG File Processing Stats

File Path                             PID    Runtime      # DAGs    # Errors  Last Runtime    Last Run               Last # of DB Queries
------------------------------------  -----  ---------  --------  ----------  --------------  -------------------  ----------------------
/opt/airflow/dags/aiwork_pipeline.py                           1           0  0.18s           2026-08-19T18:05:55                      12
================================================================================
[2026-08-19T18:06:55.511+0000] {manager.py:997} INFO - 
================================================================================
DAG File Processing Stats

File Path                             PID    Runtime      # DAGs    # Errors  Last Runtime    Last Run               Last # of DB Queries
------------------------------------  -----  ---------  --------  ----------  --------------  -------------------  ----------------------
/opt/airflow/dags/aiwork_pipeline.py                           1           0  0.13s           2026-08-19T18:06:26                      12
================================================================================
[2026-08-19T18:07:25.966+0000] {manager.py:997} INFO - 
================================================================================
DAG File Processing Stats

File Path                             PID    Runtime      # DAGs    # Errors  Last Runtime    Last Run               Last # of DB Queries
------------------------------------  -----  ---------  --------  ----------  --------------  -------------------  ----------------------
/opt/airflow/dags/aiwork_pipeline.py                           1           0  0.15s           2026-08-19T18:06:56                      12
================================================================================
[2026-08-19T18:07:56.372+0000] {manager.py:997} INFO - 
================================================================================
DAG File Processing Stats

File Path                             PID    Runtime      # DAGs    # Errors  Last Runtime    Last Run               Last # of DB Queries
------------------------------------  -----  ---------  --------  ----------  --------------  -------------------  ----------------------
/opt/airflow/dags/aiwork_pipeline.py                           1           0  0.81s           2026-08-19T18:07:38                      34
================================================================================
[2026-08-19T18:08:27.023+0000] {manager.py:997} INFO - 
================================================================================
DAG File Processing Stats

File Path                             PID    Runtime      # DAGs    # Errors  Last Runtime    Last Run               Last # of DB Queries
------------------------------------  -----  ---------  --------  ----------  --------------  -------------------  ----------------------
/opt/airflow/dags/aiwork_pipeline.py                           1           0  0.30s           2026-08-19T18:08:19                      34
================================================================================
[2026-08-19T18:08:45.385+0000] {manager.py:821} INFO - Searching for files in /opt/airflow/dags
[2026-08-19T18:08:45.398+0000] {manager.py:824} INFO - There are 1 files in /opt/airflow/dags
[2026-08-19T18:08:57.643+0000] {manager.py:997} INFO - 
================================================================================
DAG File Processing Stats

File Path                             PID    Runtime      # DAGs    # Errors  Last Runtime    Last Run               Last # of DB Queries
------------------------------------  -----  ---------  --------  ----------  --------------  -------------------  ----------------------
/opt/airflow/dags/aiwork_pipeline.py                           1           0  0.18s           2026-08-19T18:08:50                      12
================================================================================
[2026-08-19T18:09:28.061+0000] {manager.py:997} INFO - 
================================================================================
DAG File Processing Stats

File Path                             PID    Runtime      # DAGs    # Errors  Last Runtime    Last Run               Last # of DB Queries
------------------------------------  -----  ---------  --------  ----------  --------------  -------------------  ----------------------
/opt/airflow/dags/aiwork_pipeline.py                           1           0  0.14s           2026-08-19T18:09:21                      12
================================================================================
[2026-08-19T18:09:58.538+0000] {manager.py:997} INFO - 
================================================================================
DAG File Processing Stats

File Path                             PID    Runtime      # DAGs    # Errors  Last Runtime    Last Run               Last # of DB Queries
------------------------------------  -----  ---------  --------  ----------  --------------  -------------------  ----------------------
/opt/airflow/dags/aiwork_pipeline.py                           1           0  0.20s           2026-08-19T18:09:47                      12
================================================================================
[2026-08-19T18:10:36.799+0000] {manager.py:483} INFO - Processing files using up to 2 processes at a time 
[2026-08-19T18:10:36.799+0000] {manager.py:484} INFO - Process each file at most once every 30 seconds
[2026-08-19T18:10:36.799+0000] {manager.py:485} INFO - Checking for new files in /opt/airflow/dags every 300 seconds
[2026-08-19T18:10:36.800+0000] {manager.py:821} INFO - Searching for files in /opt/airflow/dags
[2026-08-19T18:10:36.801+0000] {manager.py:824} INFO - There are 1 files in /opt/airflow/dags
[2026-08-19T18:10:36.886+0000] {manager.py:997} INFO - 
================================================================================
DAG File Processing Stats

File Path                               PID  Runtime      # DAGs    # Errors  Last Runtime    Last Run      Last # of DB Queries
------------------------------------  -----  ---------  --------  ----------  --------------  ----------  ----------------------
/opt/airflow/dags/aiwork_pipeline.py    163  0.04s             0           0                                                   0
================================================================================
[2026-08-19T18:11:07.361+0000] {manager.py:997} INFO - 
================================================================================
DAG File Processing Stats

File Path                               PID  Runtime      # DAGs    # Errors  Last Runtime    Last Run               Last # of DB Queries
------------------------------------  -----  ---------  --------  ----------  --------------  -------------------  ----------------------
/opt/airflow/dags/aiwork_pipeline.py    169  0.05s             1           0  0.19s           2026-08-19T18:10:37                      12
================================================================================
[2026-08-19T18:11:37.795+0000] {manager.py:997} INFO - 
================================================================================
DAG File Processing Stats

File Path                               PID  Runtime      # DAGs    # Errors  Last Runtime    Last Run               Last # of DB Queries
------------------------------------  -----  ---------  --------  ----------  --------------  -------------------  ----------------------
/opt/airflow/dags/aiwork_pipeline.py    174  0.04s             1           0  0.37s           2026-08-19T18:11:07                      12
================================================================================
[2026-08-19T18:12:08.141+0000] {manager.py:997} INFO - 
================================================================================
DAG File Processing Stats

File Path                               PID  Runtime      # DAGs    # Errors  Last Runtime    Last Run               Last # of DB Queries
------------------------------------  -----  ---------  --------  ----------  --------------  -------------------  ----------------------
/opt/airflow/dags/aiwork_pipeline.py    179  0.02s             1           0  0.17s           2026-08-19T18:11:37                      12
================================================================================
[2026-08-19T18:12:38.604+0000] {manager.py:997} INFO - 
================================================================================
DAG File Processing Stats

File Path                               PID  Runtime      # DAGs    # Errors  Last Runtime    Last Run               Last # of DB Queries
------------------------------------  -----  ---------  --------  ----------  --------------  -------------------  ----------------------
/opt/airflow/dags/aiwork_pipeline.py    184  0.03s             1           0  0.14s           2026-08-19T18:12:08                      12
================================================================================
[2026-08-19T18:13:08.989+0000] {manager.py:997} INFO - 
================================================================================
DAG File Processing Stats

File Path                               PID  Runtime      # DAGs    # Errors  Last Runtime    Last Run               Last # of DB Queries
------------------------------------  -----  ---------  --------  ----------  --------------  -------------------  ----------------------
/opt/airflow/dags/aiwork_pipeline.py    211  0.03s             1           0  0.15s           2026-08-19T18:12:38                      12
================================================================================
[2026-08-19T18:13:39.409+0000] {manager.py:997} INFO - 
================================================================================
DAG File Processing Stats

File Path                               PID  Runtime      # DAGs    # Errors  Last Runtime    Last Run               Last # of DB Queries
------------------------------------  -----  ---------  --------  ----------  --------------  -------------------  ----------------------
/opt/airflow/dags/aiwork_pipeline.py    216  0.03s             1           0  0.16s           2026-08-19T18:13:09                      12
================================================================================
[2026-08-19T18:14:09.781+0000] {manager.py:997} INFO - 
================================================================================
DAG File Processing Stats

File Path                               PID  Runtime      # DAGs    # Errors  Last Runtime    Last Run               Last # of DB Queries
------------------------------------  -----  ---------  --------  ----------  --------------  -------------------  ----------------------
/opt/airflow/dags/aiwork_pipeline.py    221  0.02s             1           0  0.14s           2026-08-19T18:13:39                      12
================================================================================
[2026-08-19T18:14:40.142+0000] {manager.py:997} INFO - 
================================================================================
DAG File Processing Stats

File Path                               PID  Runtime      # DAGs    # Errors  Last Runtime    Last Run               Last # of DB Queries
------------------------------------  -----  ---------  --------  ----------  --------------  -------------------  ----------------------
/opt/airflow/dags/aiwork_pipeline.py    226  0.04s             1           0  0.17s           2026-08-19T18:14:09                      12
================================================================================
[2026-08-19T18:15:10.568+0000] {manager.py:997} INFO - 
================================================================================
DAG File Processing Stats

File Path                               PID  Runtime      # DAGs    # Errors  Last Runtime    Last Run               Last # of DB Queries
------------------------------------  -----  ---------  --------  ----------  --------------  -------------------  ----------------------
/opt/airflow/dags/aiwork_pipeline.py    231  0.02s             1           0  0.17s           2026-08-19T18:14:40                      12
================================================================================
[2026-08-19T18:15:36.864+0000] {manager.py:821} INFO - Searching for files in /opt/airflow/dags
[2026-08-19T18:15:36.874+0000] {manager.py:824} INFO - There are 1 files in /opt/airflow/dags
[2026-08-19T18:15:40.978+0000] {manager.py:997} INFO - 
================================================================================
DAG File Processing Stats

File Path                               PID  Runtime      # DAGs    # Errors  Last Runtime    Last Run               Last # of DB Queries
------------------------------------  -----  ---------  --------  ----------  --------------  -------------------  ----------------------
/opt/airflow/dags/aiwork_pipeline.py    236  0.02s             1           0  0.13s           2026-08-19T18:15:10                      12
================================================================================
[2026-08-19T18:16:11.324+0000] {manager.py:997} INFO - 
================================================================================
DAG File Processing Stats

File Path                               PID  Runtime      # DAGs    # Errors  Last Runtime    Last Run               Last # of DB Queries
------------------------------------  -----  ---------  --------  ----------  --------------  -------------------  ----------------------
/opt/airflow/dags/aiwork_pipeline.py    241  0.03s             1           0  0.14s           2026-08-19T18:15:41                      12
================================================================================
[2026-08-19T18:16:41.779+0000] {manager.py:997} INFO - 
================================================================================
DAG File Processing Stats

File Path                               PID  Runtime      # DAGs    # Errors  Last Runtime    Last Run               Last # of DB Queries
------------------------------------  -----  ---------  --------  ----------  --------------  -------------------  ----------------------
/opt/airflow/dags/aiwork_pipeline.py    246  0.05s             1           0  0.14s           2026-08-19T18:16:11                      12
================================================================================
[2026-08-19T18:17:12.147+0000] {manager.py:997} INFO - 
================================================================================
DAG File Processing Stats

File Path                               PID  Runtime      # DAGs    # Errors  Last Runtime    Last Run               Last # of DB Queries
------------------------------------  -----  ---------  --------  ----------  --------------  -------------------  ----------------------
/opt/airflow/dags/aiwork_pipeline.py    251  0.03s             1           0  0.19s           2026-08-19T18:16:41                      12
================================================================================
[2026-08-19T18:17:42.577+0000] {manager.py:997} INFO - 
================================================================================
DAG File Processing Stats

File Path                               PID  Runtime      # DAGs    # Errors  Last Runtime    Last Run               Last # of DB Queries
------------------------------------  -----  ---------  --------  ----------  --------------  -------------------  ----------------------
/opt/airflow/dags/aiwork_pipeline.py    256  0.05s             1           0  0.15s           2026-08-19T18:17:12                      12
================================================================================
[2026-08-19T18:18:13.005+0000] {manager.py:997} INFO - 
================================================================================
DAG File Processing Stats

File Path                               PID  Runtime      # DAGs    # Errors  Last Runtime    Last Run               Last # of DB Queries
------------------------------------  -----  ---------  --------  ----------  --------------  -------------------  ----------------------
/opt/airflow/dags/aiwork_pipeline.py    261  0.03s             1           0  0.18s           2026-08-19T18:17:42                      12
================================================================================
[2026-08-19T18:18:43.409+0000] {manager.py:997} INFO - 
================================================================================
DAG File Processing Stats

File Path                               PID  Runtime      # DAGs    # Errors  Last Runtime    Last Run               Last # of DB Queries
------------------------------------  -----  ---------  --------  ----------  --------------  -------------------  ----------------------
/opt/airflow/dags/aiwork_pipeline.py    266  0.03s             1           0  0.14s           2026-08-19T18:18:13                      12
================================================================================
[2026-08-19T18:19:13.857+0000] {manager.py:997} INFO - 
================================================================================
DAG File Processing Stats

File Path                               PID  Runtime      # DAGs    # Errors  Last Runtime    Last Run               Last # of DB Queries
------------------------------------  -----  ---------  --------  ----------  --------------  -------------------  ----------------------
/opt/airflow/dags/aiwork_pipeline.py    271  0.06s             1           0  0.15s           2026-08-19T18:18:43                      12
================================================================================
[2026-08-19T18:19:44.308+0000] {manager.py:997} INFO - 
================================================================================
DAG File Processing Stats

File Path                               PID  Runtime      # DAGs    # Errors  Last Runtime    Last Run               Last # of DB Queries
------------------------------------  -----  ---------  --------  ----------  --------------  -------------------  ----------------------
/opt/airflow/dags/aiwork_pipeline.py    276  0.02s             1           0  0.24s           2026-08-19T18:19:14                      12
================================================================================
[2026-08-19T18:20:14.750+0000] {manager.py:997} INFO - 
================================================================================
DAG File Processing Stats

File Path                               PID  Runtime      # DAGs    # Errors  Last Runtime    Last Run               Last # of DB Queries
------------------------------------  -----  ---------  --------  ----------  --------------  -------------------  ----------------------
/opt/airflow/dags/aiwork_pipeline.py    281  0.03s             1           0  0.16s           2026-08-19T18:19:44                      12
================================================================================
[2026-08-19T18:20:37.017+0000] {manager.py:821} INFO - Searching for files in /opt/airflow/dags
[2026-08-19T18:20:37.025+0000] {manager.py:824} INFO - There are 1 files in /opt/airflow/dags
[2026-08-19T18:20:45.190+0000] {manager.py:997} INFO - 
================================================================================
DAG File Processing Stats

File Path                               PID  Runtime      # DAGs    # Errors  Last Runtime    Last Run               Last # of DB Queries
------------------------------------  -----  ---------  --------  ----------  --------------  -------------------  ----------------------
/opt/airflow/dags/aiwork_pipeline.py    286  0.03s             1           0  0.16s           2026-08-19T18:20:14                      12
================================================================================
[2026-08-19T18:21:15.604+0000] {manager.py:997} INFO - 
================================================================================
DAG File Processing Stats

File Path                               PID  Runtime      # DAGs    # Errors  Last Runtime    Last Run               Last # of DB Queries
------------------------------------  -----  ---------  --------  ----------  --------------  -------------------  ----------------------
/opt/airflow/dags/aiwork_pipeline.py    291  0.02s             1           0  0.15s           2026-08-19T18:20:45                      12
================================================================================
[2026-08-19T18:21:45.999+0000] {manager.py:997} INFO - 
================================================================================
DAG File Processing Stats

File Path                               PID  Runtime      # DAGs    # Errors  Last Runtime    Last Run               Last # of DB Queries
------------------------------------  -----  ---------  --------  ----------  --------------  -------------------  ----------------------
/opt/airflow/dags/aiwork_pipeline.py    296  0.05s             1           0  0.15s           2026-08-19T18:21:15                      12
================================================================================
[2026-08-19T18:22:16.426+0000] {manager.py:997} INFO - 
================================================================================
DAG File Processing Stats

File Path                               PID  Runtime      # DAGs    # Errors  Last Runtime    Last Run               Last # of DB Queries
------------------------------------  -----  ---------  --------  ----------  --------------  -------------------  ----------------------
/opt/airflow/dags/aiwork_pipeline.py    301  0.03s             1           0  0.20s           2026-08-19T18:21:46                      12
================================================================================
[2026-08-19T18:22:46.817+0000] {manager.py:997} INFO - 
================================================================================
DAG File Processing Stats

File Path                               PID  Runtime      # DAGs    # Errors  Last Runtime    Last Run               Last # of DB Queries
------------------------------------  -----  ---------  --------  ----------  --------------  -------------------  ----------------------
/opt/airflow/dags/aiwork_pipeline.py    306  0.02s             1           0  0.14s           2026-08-19T18:22:16                      12
================================================================================
[2026-08-19T18:23:17.231+0000] {manager.py:997} INFO - 
================================================================================
DAG File Processing Stats

File Path                               PID  Runtime      # DAGs    # Errors  Last Runtime    Last Run               Last # of DB Queries
------------------------------------  -----  ---------  --------  ----------  --------------  -------------------  ----------------------
/opt/airflow/dags/aiwork_pipeline.py    311  0.04s             1           0  0.14s           2026-08-19T18:22:46                      12
================================================================================
[2026-08-19T18:23:47.619+0000] {manager.py:997} INFO - 
================================================================================
DAG File Processing Stats

File Path                               PID  Runtime      # DAGs    # Errors  Last Runtime    Last Run               Last # of DB Queries
------------------------------------  -----  ---------  --------  ----------  --------------  -------------------  ----------------------
/opt/airflow/dags/aiwork_pipeline.py    316  0.03s             1           0  0.15s           2026-08-19T18:23:17                      12
================================================================================
[2026-08-19T18:24:18.145+0000] {manager.py:997} INFO - 
================================================================================
DAG File Processing Stats

File Path                               PID  Runtime      # DAGs    # Errors  Last Runtime    Last Run               Last # of DB Queries
------------------------------------  -----  ---------  --------  ----------  --------------  -------------------  ----------------------
/opt/airflow/dags/aiwork_pipeline.py    321  0.03s             1           0  0.17s           2026-08-19T18:23:47                      12
================================================================================
[2026-08-19T18:24:48.718+0000] {manager.py:997} INFO - 
================================================================================
DAG File Processing Stats

File Path                             PID    Runtime      # DAGs    # Errors  Last Runtime    Last Run               Last # of DB Queries
------------------------------------  -----  ---------  --------  ----------  --------------  -------------------  ----------------------
/opt/airflow/dags/aiwork_pipeline.py                           1           0  0.43s           2026-08-19T18:24:19                      34
================================================================================
[2026-08-19T18:25:18.790+0000] {manager.py:483} INFO - Processing files using up to 2 processes at a time 
[2026-08-19T18:25:18.790+0000] {manager.py:484} INFO - Process each file at most once every 30 seconds
[2026-08-19T18:25:18.790+0000] {manager.py:485} INFO - Checking for new files in /opt/airflow/dags every 300 seconds
[2026-08-19T18:25:18.791+0000] {manager.py:821} INFO - Searching for files in /opt/airflow/dags
[2026-08-19T18:25:18.793+0000] {manager.py:824} INFO - There are 1 files in /opt/airflow/dags
[2026-08-19T18:25:18.844+0000] {manager.py:997} INFO - 
================================================================================
DAG File Processing Stats

File Path                               PID  Runtime      # DAGs    # Errors  Last Runtime    Last Run      Last # of DB Queries
------------------------------------  -----  ---------  --------  ----------  --------------  ----------  ----------------------
/opt/airflow/dags/aiwork_pipeline.py    164  0.02s             0           0                                                   0
================================================================================
[2026-08-19T18:25:49.232+0000] {manager.py:997} INFO - 
================================================================================
DAG File Processing Stats

File Path                               PID  Runtime      # DAGs    # Errors  Last Runtime    Last Run               Last # of DB Queries
------------------------------------  -----  ---------  --------  ----------  --------------  -------------------  ----------------------
/opt/airflow/dags/aiwork_pipeline.py    191  0.02s             1           0  0.08s           2026-08-19T18:25:18                      12
================================================================================
[2026-08-19T18:26:19.592+0000] {manager.py:997} INFO - 
================================================================================
DAG File Processing Stats

File Path                               PID  Runtime      # DAGs    # Errors  Last Runtime    Last Run               Last # of DB Queries
------------------------------------  -----  ---------  --------  ----------  --------------  -------------------  ----------------------
/opt/airflow/dags/aiwork_pipeline.py    196  0.01s             1           0  0.13s           2026-08-19T18:25:49                      12
================================================================================
[2026-08-19T18:26:49.979+0000] {manager.py:997} INFO - 
================================================================================
DAG File Processing Stats

File Path                               PID  Runtime      # DAGs    # Errors  Last Runtime    Last Run               Last # of DB Queries
------------------------------------  -----  ---------  --------  ----------  --------------  -------------------  ----------------------
/opt/airflow/dags/aiwork_pipeline.py    201  0.03s             1           0  0.12s           2026-08-19T18:26:19                      12
================================================================================
[2026-08-19T18:27:20.344+0000] {manager.py:997} INFO - 
================================================================================
DAG File Processing Stats

File Path                               PID  Runtime      # DAGs    # Errors  Last Runtime    Last Run               Last # of DB Queries
------------------------------------  -----  ---------  --------  ----------  --------------  -------------------  ----------------------
/opt/airflow/dags/aiwork_pipeline.py    206  0.02s             1           0  0.19s           2026-08-19T18:26:50                      12
================================================================================
[2026-08-19T18:27:50.829+0000] {manager.py:997} INFO - 
================================================================================
DAG File Processing Stats

File Path                               PID  Runtime      # DAGs    # Errors  Last Runtime    Last Run               Last # of DB Queries
------------------------------------  -----  ---------  --------  ----------  --------------  -------------------  ----------------------
/opt/airflow/dags/aiwork_pipeline.py    211  0.02s             1           0  0.14s           2026-08-19T18:27:20                      12
================================================================================
[2026-08-19T18:28:21.247+0000] {manager.py:997} INFO - 
================================================================================
DAG File Processing Stats

File Path                               PID  Runtime      # DAGs    # Errors  Last Runtime    Last Run               Last # of DB Queries
------------------------------------  -----  ---------  --------  ----------  --------------  -------------------  ----------------------
/opt/airflow/dags/aiwork_pipeline.py    216  0.04s             1           0  0.16s           2026-08-19T18:27:50                      12
================================================================================
