[2026-08-19T17:53:44.567+0000] {processor.py:186} INFO - Started process (PID=164) to work on /opt/airflow/dags/aiwork_pipeline.py
[2026-08-19T17:53:44.575+0000] {processor.py:914} INFO - Processing file /opt/airflow/dags/aiwork_pipeline.py for tasks to queue
[2026-08-19T17:53:44.585+0000] {logging_mixin.py:190} INFO - [2026-08-19T17:53:44.584+0000] {dagbag.py:588} INFO - Filling up the DagBag from /opt/airflow/dags/aiwork_pipeline.py
[2026-08-19T17:53:44.639+0000] {processor.py:925} INFO - DAG(s) 'aiwork_pipeline' retrieved from /opt/airflow/dags/aiwork_pipeline.py
[2026-08-19T17:53:44.934+0000] {logging_mixin.py:190} INFO - [2026-08-19T17:53:44.933+0000] {override.py:1900} INFO - Created Permission View: can delete on DAG:aiwork_pipeline
[2026-08-19T17:53:44.940+0000] {logging_mixin.py:190} INFO - [2026-08-19T17:53:44.940+0000] {override.py:1900} INFO - Created Permission View: can read on DAG:aiwork_pipeline
[2026-08-19T17:53:44.943+0000] {logging_mixin.py:190} INFO - [2026-08-19T17:53:44.943+0000] {override.py:1900} INFO - Created Permission View: can edit on DAG:aiwork_pipeline
[2026-08-19T17:53:44.945+0000] {logging_mixin.py:190} INFO - [2026-08-19T17:53:44.945+0000] {override.py:1900} INFO - Created Permission View: can create on DAG Run:aiwork_pipeline
[2026-08-19T17:53:44.948+0000] {logging_mixin.py:190} INFO - [2026-08-19T17:53:44.948+0000] {override.py:1900} INFO - Created Permission View: menu access on DAG Run:aiwork_pipeline
[2026-08-19T17:53:44.951+0000] {logging_mixin.py:190} INFO - [2026-08-19T17:53:44.951+0000] {override.py:1900} INFO - Created Permission View: can read on DAG Run:aiwork_pipeline
[2026-08-19T17:53:44.954+0000] {logging_mixin.py:190} INFO - [2026-08-19T17:53:44.954+0000] {override.py:1900} INFO - Created Permission View: can delete on DAG Run:aiwork_pipeline
[2026-08-19T17:53:44.954+0000] {logging_mixin.py:190} INFO - [2026-08-19T17:53:44.954+0000] {dag.py:3239} INFO - Sync 1 DAGs
[2026-08-19T17:53:44.967+0000] {logging_mixin.py:190} INFO - [2026-08-19T17:53:44.967+0000] {dag.py:3262} INFO - Creating ORM DAG for aiwork_pipeline
[2026-08-19T17:53:44.981+0000] {logging_mixin.py:190} INFO - [2026-08-19T17:53:44.980+0000] {dag.py:4180} INFO - Setting next_dagrun for aiwork_pipeline to 2026-08-09 00:00:00+00:00, run_after=2026-08-16 00:00:00+00:00
[2026-08-19T17:53:45.008+0000] {processor.py:208} INFO - Processing /opt/airflow/dags/aiwork_pipeline.py took 0.470 seconds
[2026-08-19T17:54:15.453+0000] {processor.py:186} INFO - Started process (PID=169) to work on /opt/airflow/dags/aiwork_pipeline.py
[2026-08-19T17:54:15.455+0000] {processor.py:914} INFO - Processing file /opt/airflow/dags/aiwork_pipeline.py for tasks to queue
[2026-08-19T17:54:15.467+0000] {logging_mixin.py:190} INFO - [2026-08-19T17:54:15.466+0000] {dagbag.py:588} INFO - Filling up the DagBag from /opt/airflow/dags/aiwork_pipeline.py
[2026-08-19T17:54:15.516+0000] {processor.py:925} INFO - DAG(s) 'aiwork_pipeline' retrieved from /opt/airflow/dags/aiwork_pipeline.py
[2026-08-19T17:54:15.735+0000] {logging_mixin.py:190} INFO - [2026-08-19T17:54:15.735+0000] {dag.py:3239} INFO - Sync 1 DAGs
[2026-08-19T17:54:15.809+0000] {logging_mixin.py:190} INFO - [2026-08-19T17:54:15.809+0000] {dag.py:4180} INFO - Setting next_dagrun for aiwork_pipeline to 2026-08-09 00:00:00+00:00, run_after=2026-08-16 00:00:00+00:00
[2026-08-19T17:54:15.833+0000] {processor.py:208} INFO - Processing /opt/airflow/dags/aiwork_pipeline.py took 0.410 seconds
[2026-08-19T17:54:46.234+0000] {processor.py:186} INFO - Started process (PID=174) to work on /opt/airflow/dags/aiwork_pipeline.py
[2026-08-19T17:54:46.238+0000] {processor.py:914} INFO - Processing file /opt/airflow/dags/aiwork_pipeline.py for tasks to queue
[2026-08-19T17:54:46.251+0000] {logging_mixin.py:190} INFO - [2026-08-19T17:54:46.251+0000] {dagbag.py:588} INFO - Filling up the DagBag from /opt/airflow/dags/aiwork_pipeline.py
[2026-08-19T17:54:46.271+0000] {processor.py:925} INFO - DAG(s) 'aiwork_pipeline' retrieved from /opt/airflow/dags/aiwork_pipeline.py
[2026-08-19T17:54:46.358+0000] {logging_mixin.py:190} INFO - [2026-08-19T17:54:46.358+0000] {dag.py:3239} INFO - Sync 1 DAGs
[2026-08-19T17:54:46.381+0000] {logging_mixin.py:190} INFO - [2026-08-19T17:54:46.381+0000] {dag.py:4180} INFO - Setting next_dagrun for aiwork_pipeline to 2026-08-09 00:00:00+00:00, run_after=2026-08-16 00:00:00+00:00
[2026-08-19T17:54:46.390+0000] {processor.py:208} INFO - Processing /opt/airflow/dags/aiwork_pipeline.py took 0.165 seconds
[2026-08-19T17:55:16.583+0000] {processor.py:186} INFO - Started process (PID=179) to work on /opt/airflow/dags/aiwork_pipeline.py
[2026-08-19T17:55:16.584+0000] {processor.py:914} INFO - Processing file /opt/airflow/dags/aiwork_pipeline.py for tasks to queue
[2026-08-19T17:55:16.588+0000] {logging_mixin.py:190} INFO - [2026-08-19T17:55:16.587+0000] {dagbag.py:588} INFO - Filling up the DagBag from /opt/airflow/dags/aiwork_pipeline.py
[2026-08-19T17:55:16.615+0000] {processor.py:925} INFO - DAG(s) 'aiwork_pipeline' retrieved from /opt/airflow/dags/aiwork_pipeline.py
[2026-08-19T17:55:16.644+0000] {logging_mixin.py:190} INFO - [2026-08-19T17:55:16.644+0000] {dag.py:3239} INFO - Sync 1 DAGs
[2026-08-19T17:55:16.658+0000] {logging_mixin.py:190} INFO - [2026-08-19T17:55:16.658+0000] {dag.py:4180} INFO - Setting next_dagrun for aiwork_pipeline to 2026-08-09 00:00:00+00:00, run_after=2026-08-16 00:00:00+00:00
[2026-08-19T17:55:16.686+0000] {processor.py:208} INFO - Processing /opt/airflow/dags/aiwork_pipeline.py took 0.117 seconds
[2026-08-19T17:55:47.103+0000] {processor.py:186} INFO - Started process (PID=184) to work on /opt/airflow/dags/aiwork_pipeline.py
[2026-08-19T17:55:47.105+0000] {processor.py:914} INFO - Processing file /opt/airflow/dags/aiwork_pipeline.py for tasks to queue
[2026-08-19T17:55:47.108+0000] {logging_mixin.py:190} INFO - [2026-08-19T17:55:47.107+0000] {dagbag.py:588} INFO - Filling up the DagBag from /opt/airflow/dags/aiwork_pipeline.py
[2026-08-19T17:55:47.126+0000] {processor.py:925} INFO - DAG(s) 'aiwork_pipeline' retrieved from /opt/airflow/dags/aiwork_pipeline.py
[2026-08-19T17:55:47.159+0000] {logging_mixin.py:190} INFO - [2026-08-19T17:55:47.158+0000] {dag.py:3239} INFO - Sync 1 DAGs
[2026-08-19T17:55:47.173+0000] {logging_mixin.py:190} INFO - [2026-08-19T17:55:47.173+0000] {dag.py:4180} INFO - Setting next_dagrun for aiwork_pipeline to 2026-08-09 00:00:00+00:00, run_after=2026-08-16 00:00:00+00:00
[2026-08-19T17:55:47.181+0000] {processor.py:208} INFO - Processing /opt/airflow/dags/aiwork_pipeline.py took 0.090 seconds
[2026-08-19T17:56:17.512+0000] {processor.py:186} INFO - Started process (PID=189) to work on /opt/airflow/dags/aiwork_pipeline.py
[2026-08-19T17:56:17.513+0000] {processor.py:914} INFO - Processing file /opt/airflow/dags/aiwork_pipeline.py for tasks to queue
[2026-08-19T17:56:17.517+0000] {logging_mixin.py:190} INFO - [2026-08-19T17:56:17.517+0000] {dagbag.py:588} INFO - Filling up the DagBag from /opt/airflow/dags/aiwork_pipeline.py
[2026-08-19T17:56:17.538+0000] {processor.py:925} INFO - DAG(s) 'aiwork_pipeline' retrieved from /opt/airflow/dags/aiwork_pipeline.py
[2026-08-19T17:56:17.569+0000] {logging_mixin.py:190} INFO - [2026-08-19T17:56:17.569+0000] {dag.py:3239} INFO - Sync 1 DAGs
[2026-08-19T17:56:17.587+0000] {logging_mixin.py:190} INFO - [2026-08-19T17:56:17.587+0000] {dag.py:4180} INFO - Setting next_dagrun for aiwork_pipeline to 2026-08-09 00:00:00+00:00, run_after=2026-08-16 00:00:00+00:00
[2026-08-19T17:56:17.601+0000] {processor.py:208} INFO - Processing /opt/airflow/dags/aiwork_pipeline.py took 0.103 seconds
[2026-08-19T17:56:47.910+0000] {processor.py:186} INFO - Started process (PID=194) to work on /opt/airflow/dags/aiwork_pipeline.py
[2026-08-19T17:56:47.912+0000] {processor.py:914} INFO - Processing file /opt/airflow/dags/aiwork_pipeline.py for tasks to queue
[2026-08-19T17:56:47.915+0000] {logging_mixin.py:190} INFO - [2026-08-19T17:56:47.914+0000] {dagbag.py:588} INFO - Filling up the DagBag from /opt/airflow/dags/aiwork_pipeline.py
[2026-08-19T17:56:47.935+0000] {processor.py:925} INFO - DAG(s) 'aiwork_pipeline' retrieved from /opt/airflow/dags/aiwork_pipeline.py
[2026-08-19T17:56:47.976+0000] {logging_mixin.py:190} INFO - [2026-08-19T17:56:47.975+0000] {dag.py:3239} INFO - Sync 1 DAGs
[2026-08-19T17:56:48.023+0000] {logging_mixin.py:190} INFO - [2026-08-19T17:56:48.022+0000] {dag.py:4180} INFO - Setting next_dagrun for aiwork_pipeline to 2026-08-09 00:00:00+00:00, run_after=2026-08-16 00:00:00+00:00
[2026-08-19T17:56:48.037+0000] {processor.py:208} INFO - Processing /opt/airflow/dags/aiwork_pipeline.py took 0.136 seconds
[2026-08-19T17:57:18.396+0000] {processor.py:186} INFO - Started process (PID=199) to work on /opt/airflow/dags/aiwork_pipeline.py
[2026-08-19T17:57:18.400+0000] {processor.py:914} INFO - Processing file /opt/airflow/dags/aiwork_pipeline.py for tasks to queue
[2026-08-19T17:57:18.414+0000] {logging_mixin.py:190} INFO - [2026-08-19T17:57:18.410+0000] {dagbag.py:588} INFO - Filling up the DagBag from /opt/airflow/dags/aiwork_pipeline.py
[2026-08-19T17:57:18.456+0000] {processor.py:925} INFO - DAG(s) 'aiwork_pipeline' retrieved from /opt/airflow/dags/aiwork_pipeline.py
[2026-08-19T17:57:18.507+0000] {logging_mixin.py:190} INFO - [2026-08-19T17:57:18.506+0000] {dag.py:3239} INFO - Sync 1 DAGs
[2026-08-19T17:57:18.538+0000] {logging_mixin.py:190} INFO - [2026-08-19T17:57:18.538+0000] {dag.py:4180} INFO - Setting next_dagrun for aiwork_pipeline to 2026-08-09 00:00:00+00:00, run_after=2026-08-16 00:00:00+00:00
[2026-08-19T17:57:18.548+0000] {processor.py:208} INFO - Processing /opt/airflow/dags/aiwork_pipeline.py took 0.191 seconds
[2026-08-19T17:57:48.769+0000] {processor.py:186} INFO - Started process (PID=204) to work on /opt/airflow/dags/aiwork_pipeline.py
[2026-08-19T17:57:48.775+0000] {processor.py:914} INFO - Processing file /opt/airflow/dags/aiwork_pipeline.py for tasks to queue
[2026-08-19T17:57:48.794+0000] {logging_mixin.py:190} INFO - [2026-08-19T17:57:48.794+0000] {dagbag.py:588} INFO - Filling up the DagBag from /opt/airflow/dags/aiwork_pipeline.py
[2026-08-19T17:57:48.830+0000] {processor.py:925} INFO - DAG(s) 'aiwork_pipeline' retrieved from /opt/airflow/dags/aiwork_pipeline.py
[2026-08-19T17:57:48.889+0000] {logging_mixin.py:190} INFO - [2026-08-19T17:57:48.888+0000] {dag.py:3239} INFO - Sync 1 DAGs
[2026-08-19T17:57:48.917+0000] {logging_mixin.py:190} INFO - [2026-08-19T17:57:48.917+0000] {dag.py:4180} INFO - Setting next_dagrun for aiwork_pipeline to 2026-08-09 00:00:00+00:00, run_after=2026-08-16 00:00:00+00:00
[2026-08-19T17:57:48.938+0000] {processor.py:208} INFO - Processing /opt/airflow/dags/aiwork_pipeline.py took 0.175 seconds
[2026-08-19T17:58:19.330+0000] {processor.py:186} INFO - Started process (PID=237) to work on /opt/airflow/dags/aiwork_pipeline.py
[2026-08-19T17:58:19.332+0000] {processor.py:914} INFO - Processing file /opt/airflow/dags/aiwork_pipeline.py for tasks to queue
[2026-08-19T17:58:19.337+0000] {logging_mixin.py:190} INFO - [2026-08-19T17:58:19.337+0000] {dagbag.py:588} INFO - Filling up the DagBag from /opt/airflow/dags/aiwork_pipeline.py
[2026-08-19T17:58:19.366+0000] {processor.py:925} INFO - DAG(s) 'aiwork_pipeline' retrieved from /opt/airflow/dags/aiwork_pipeline.py
[2026-08-19T17:58:19.404+0000] {logging_mixin.py:190} INFO - [2026-08-19T17:58:19.404+0000] {dag.py:3239} INFO - Sync 1 DAGs
[2026-08-19T17:58:19.425+0000] {logging_mixin.py:190} INFO - [2026-08-19T17:58:19.425+0000] {dag.py:4180} INFO - Setting next_dagrun for aiwork_pipeline to 2026-08-09 00:00:00+00:00, run_after=2026-08-16 00:00:00+00:00
[2026-08-19T17:58:19.440+0000] {processor.py:208} INFO - Processing /opt/airflow/dags/aiwork_pipeline.py took 0.123 seconds
[2026-08-19T17:58:49.712+0000] {processor.py:186} INFO - Started process (PID=242) to work on /opt/airflow/dags/aiwork_pipeline.py
[2026-08-19T17:58:49.714+0000] {processor.py:914} INFO - Processing file /opt/airflow/dags/aiwork_pipeline.py for tasks to queue
[2026-08-19T17:58:49.720+0000] {logging_mixin.py:190} INFO - [2026-08-19T17:58:49.719+0000] {dagbag.py:588} INFO - Filling up the DagBag from /opt/airflow/dags/aiwork_pipeline.py
[2026-08-19T17:58:49.757+0000] {processor.py:925} INFO - DAG(s) 'aiwork_pipeline' retrieved from /opt/airflow/dags/aiwork_pipeline.py
[2026-08-19T17:58:49.793+0000] {logging_mixin.py:190} INFO - [2026-08-19T17:58:49.793+0000] {dag.py:3239} INFO - Sync 1 DAGs
[2026-08-19T17:58:49.816+0000] {logging_mixin.py:190} INFO - [2026-08-19T17:58:49.816+0000] {dag.py:4180} INFO - Setting next_dagrun for aiwork_pipeline to 2026-08-09 00:00:00+00:00, run_after=2026-08-16 00:00:00+00:00
[2026-08-19T17:58:49.827+0000] {processor.py:208} INFO - Processing /opt/airflow/dags/aiwork_pipeline.py took 0.126 seconds
[2026-08-19T17:59:20.129+0000] {processor.py:186} INFO - Started process (PID=261) to work on /opt/airflow/dags/aiwork_pipeline.py
[2026-08-19T17:59:20.131+0000] {processor.py:914} INFO - Processing file /opt/airflow/dags/aiwork_pipeline.py for tasks to queue
[2026-08-19T17:59:20.134+0000] {logging_mixin.py:190} INFO - [2026-08-19T17:59:20.134+0000] {dagbag.py:588} INFO - Filling up the DagBag from /opt/airflow/dags/aiwork_pipeline.py
[2026-08-19T17:59:20.155+0000] {processor.py:925} INFO - DAG(s) 'aiwork_pipeline' retrieved from /opt/airflow/dags/aiwork_pipeline.py
[2026-08-19T17:59:20.193+0000] {logging_mixin.py:190} INFO - [2026-08-19T17:59:20.193+0000] {dag.py:3239} INFO - Sync 1 DAGs
[2026-08-19T17:59:20.217+0000] {logging_mixin.py:190} INFO - [2026-08-19T17:59:20.216+0000] {dag.py:4180} INFO - Setting next_dagrun for aiwork_pipeline to 2026-08-09 00:00:00+00:00, run_after=2026-08-16 00:00:00+00:00
[2026-08-19T17:59:20.230+0000] {processor.py:208} INFO - Processing /opt/airflow/dags/aiwork_pipeline.py took 0.113 seconds
[2026-08-19T17:59:50.491+0000] {processor.py:186} INFO - Started process (PID=266) to work on /opt/airflow/dags/aiwork_pipeline.py
[2026-08-19T17:59:50.496+0000] {processor.py:914} INFO - Processing file /opt/airflow/dags/aiwork_pipeline.py for tasks to queue
[2026-08-19T17:59:50.502+0000] {logging_mixin.py:190} INFO - [2026-08-19T17:59:50.501+0000] {dagbag.py:588} INFO - Filling up the DagBag from /opt/airflow/dags/aiwork_pipeline.py
[2026-08-19T17:59:50.537+0000] {processor.py:925} INFO - DAG(s) 'aiwork_pipeline' retrieved from /opt/airflow/dags/aiwork_pipeline.py
[2026-08-19T17:59:50.582+0000] {logging_mixin.py:190} INFO - [2026-08-19T17:59:50.581+0000] {dag.py:3239} INFO - Sync 1 DAGs
[2026-08-19T17:59:50.606+0000] {logging_mixin.py:190} INFO - [2026-08-19T17:59:50.605+0000] {dag.py:4180} INFO - Setting next_dagrun for aiwork_pipeline to 2026-08-09 00:00:00+00:00, run_after=2026-08-16 00:00:00+00:00
[2026-08-19T17:59:50.617+0000] {processor.py:208} INFO - Processing /opt/airflow/dags/aiwork_pipeline.py took 0.133 seconds
[2026-08-19T18:00:20.929+0000] {processor.py:186} INFO - Started process (PID=271) to work on /opt/airflow/dags/aiwork_pipeline.py
[2026-08-19T18:00:20.931+0000] {processor.py:914} INFO - Processing file /opt/airflow/dags/aiwork_pipeline.py for tasks to queue
[2026-08-19T18:00:20.938+0000] {logging_mixin.py:190} INFO - [2026-08-19T18:00:20.937+0000] {dagbag.py:588} INFO - Filling up the DagBag from /opt/airflow/dags/aiwork_pipeline.py
[2026-08-19T18:00:20.966+0000] {processor.py:925} INFO - DAG(s) 'aiwork_pipeline' retrieved from /opt/airflow/dags/aiwork_pipeline.py
[2026-08-19T18:00:21.009+0000] {logging_mixin.py:190} INFO - [2026-08-19T18:00:21.009+0000] {dag.py:3239} INFO - Sync 1 DAGs
[2026-08-19T18:00:21.032+0000] {logging_mixin.py:190} INFO - [2026-08-19T18:00:21.032+0000] {dag.py:4180} INFO - Setting next_dagrun for aiwork_pipeline to 2026-08-09 00:00:00+00:00, run_after=2026-08-16 00:00:00+00:00
[2026-08-19T18:00:21.046+0000] {processor.py:208} INFO - Processing /opt/airflow/dags/aiwork_pipeline.py took 0.127 seconds
[2026-08-19T18:00:51.322+0000] {processor.py:186} INFO - Started process (PID=290) to work on /opt/airflow/dags/aiwork_pipeline.py
[2026-08-19T18:00:51.325+0000] {processor.py:914} INFO - Processing file /opt/airflow/dags/aiwork_pipeline.py for tasks to queue
[2026-08-19T18:00:51.330+0000] {logging_mixin.py:190} INFO - [2026-08-19T18:00:51.329+0000] {dagbag.py:588} INFO - Filling up the DagBag from /opt/airflow/dags/aiwork_pipeline.py
[2026-08-19T18:00:51.363+0000] {processor.py:925} INFO - DAG(s) 'aiwork_pipeline' retrieved from /opt/airflow/dags/aiwork_pipeline.py
[2026-08-19T18:00:51.405+0000] {logging_mixin.py:190} INFO - [2026-08-19T18:00:51.404+0000] {dag.py:3239} INFO - Sync 1 DAGs
[2026-08-19T18:00:51.429+0000] {logging_mixin.py:190} INFO - [2026-08-19T18:00:51.428+0000] {dag.py:4180} INFO - Setting next_dagrun for aiwork_pipeline to 2026-08-09 00:00:00+00:00, run_after=2026-08-16 00:00:00+00:00
[2026-08-19T18:00:51.442+0000] {processor.py:208} INFO - Processing /opt/airflow/dags/aiwork_pipeline.py took 0.139 seconds
[2026-08-19T18:01:21.783+0000] {processor.py:186} INFO - Started process (PID=323) to work on /opt/airflow/dags/aiwork_pipeline.py
[2026-08-19T18:01:21.784+0000] {processor.py:914} INFO - Processing file /opt/airflow/dags/aiwork_pipeline.py for tasks to queue
[2026-08-19T18:01:21.790+0000] {logging_mixin.py:190} INFO - [2026-08-19T18:01:21.789+0000] {dagbag.py:588} INFO - Filling up the DagBag from /opt/airflow/dags/aiwork_pipeline.py
[2026-08-19T18:01:21.819+0000] {processor.py:925} INFO - DAG(s) 'aiwork_pipeline' retrieved from /opt/airflow/dags/aiwork_pipeline.py
[2026-08-19T18:01:21.861+0000] {logging_mixin.py:190} INFO - [2026-08-19T18:01:21.861+0000] {dag.py:3239} INFO - Sync 1 DAGs
[2026-08-19T18:01:21.883+0000] {logging_mixin.py:190} INFO - [2026-08-19T18:01:21.883+0000] {dag.py:4180} INFO - Setting next_dagrun for aiwork_pipeline to 2026-08-09 00:00:00+00:00, run_after=2026-08-16 00:00:00+00:00
[2026-08-19T18:01:21.898+0000] {processor.py:208} INFO - Processing /opt/airflow/dags/aiwork_pipeline.py took 0.128 seconds
[2026-08-19T18:01:52.237+0000] {processor.py:186} INFO - Started process (PID=328) to work on /opt/airflow/dags/aiwork_pipeline.py
[2026-08-19T18:01:52.239+0000] {processor.py:914} INFO - Processing file /opt/airflow/dags/aiwork_pipeline.py for tasks to queue
[2026-08-19T18:01:52.244+0000] {logging_mixin.py:190} INFO - [2026-08-19T18:01:52.243+0000] {dagbag.py:588} INFO - Filling up the DagBag from /opt/airflow/dags/aiwork_pipeline.py
[2026-08-19T18:01:52.267+0000] {processor.py:925} INFO - DAG(s) 'aiwork_pipeline' retrieved from /opt/airflow/dags/aiwork_pipeline.py
[2026-08-19T18:01:52.298+0000] {logging_mixin.py:190} INFO - [2026-08-19T18:01:52.298+0000] {dag.py:3239} INFO - Sync 1 DAGs
[2026-08-19T18:01:52.317+0000] {logging_mixin.py:190} INFO - [2026-08-19T18:01:52.317+0000] {dag.py:4180} INFO - Setting next_dagrun for aiwork_pipeline to 2026-08-09 00:00:00+00:00, run_after=2026-08-16 00:00:00+00:00
[2026-08-19T18:01:52.330+0000] {processor.py:208} INFO - Processing /opt/airflow/dags/aiwork_pipeline.py took 0.105 seconds
[2026-08-19T18:02:22.617+0000] {processor.py:186} INFO - Started process (PID=333) to work on /opt/airflow/dags/aiwork_pipeline.py
[2026-08-19T18:02:22.619+0000] {processor.py:914} INFO - Processing file /opt/airflow/dags/aiwork_pipeline.py for tasks to queue
[2026-08-19T18:02:22.623+0000] {logging_mixin.py:190} INFO - [2026-08-19T18:02:22.623+0000] {dagbag.py:588} INFO - Filling up the DagBag from /opt/airflow/dags/aiwork_pipeline.py
[2026-08-19T18:02:22.644+0000] {processor.py:925} INFO - DAG(s) 'aiwork_pipeline' retrieved from /opt/airflow/dags/aiwork_pipeline.py
[2026-08-19T18:02:22.678+0000] {logging_mixin.py:190} INFO - [2026-08-19T18:02:22.678+0000] {dag.py:3239} INFO - Sync 1 DAGs
[2026-08-19T18:02:22.696+0000] {logging_mixin.py:190} INFO - [2026-08-19T18:02:22.696+0000] {dag.py:4180} INFO - Setting next_dagrun for aiwork_pipeline to 2026-08-09 00:00:00+00:00, run_after=2026-08-16 00:00:00+00:00
[2026-08-19T18:02:22.707+0000] {processor.py:208} INFO - Processing /opt/airflow/dags/aiwork_pipeline.py took 0.100 seconds
[2026-08-19T18:02:53.011+0000] {processor.py:186} INFO - Started process (PID=338) to work on /opt/airflow/dags/aiwork_pipeline.py
[2026-08-19T18:02:53.012+0000] {processor.py:914} INFO - Processing file /opt/airflow/dags/aiwork_pipeline.py for tasks to queue
[2026-08-19T18:02:53.016+0000] {logging_mixin.py:190} INFO - [2026-08-19T18:02:53.016+0000] {dagbag.py:588} INFO - Filling up the DagBag from /opt/airflow/dags/aiwork_pipeline.py
[2026-08-19T18:02:53.039+0000] {processor.py:925} INFO - DAG(s) 'aiwork_pipeline' retrieved from /opt/airflow/dags/aiwork_pipeline.py
[2026-08-19T18:02:53.069+0000] {logging_mixin.py:190} INFO - [2026-08-19T18:02:53.068+0000] {dag.py:3239} INFO - Sync 1 DAGs
[2026-08-19T18:02:53.089+0000] {logging_mixin.py:190} INFO - [2026-08-19T18:02:53.089+0000] {dag.py:4180} INFO - Setting next_dagrun for aiwork_pipeline to 2026-08-09 00:00:00+00:00, run_after=2026-08-16 00:00:00+00:00
[2026-08-19T18:02:53.102+0000] {processor.py:208} INFO - Processing /opt/airflow/dags/aiwork_pipeline.py took 0.105 seconds
[2026-08-19T18:03:23.457+0000] {processor.py:186} INFO - Started process (PID=343) to work on /opt/airflow/dags/aiwork_pipeline.py
[2026-08-19T18:03:23.459+0000] {processor.py:914} INFO - Processing file /opt/airflow/dags/aiwork_pipeline.py for tasks to queue
[2026-08-19T18:03:23.464+0000] {logging_mixin.py:190} INFO - [2026-08-19T18:03:23.463+0000] {dagbag.py:588} INFO - Filling up the DagBag from /opt/airflow/dags/aiwork_pipeline.py
[2026-08-19T18:03:23.489+0000] {processor.py:925} INFO - DAG(s) 'aiwork_pipeline' retrieved from /opt/airflow/dags/aiwork_pipeline.py
[2026-08-19T18:03:23.530+0000] {logging_mixin.py:190} INFO - [2026-08-19T18:03:23.530+0000] {dag.py:3239} INFO - Sync 1 DAGs
[2026-08-19T18:03:23.550+0000] {logging_mixin.py:190} INFO - [2026-08-19T18:03:23.550+0000] {dag.py:4180} INFO - Setting next_dagrun for aiwork_pipeline to 2026-08-09 00:00:00+00:00, run_after=2026-08-16 00:00:00+00:00
[2026-08-19T18:03:23.561+0000] {processor.py:208} INFO - Processing /opt/airflow/dags/aiwork_pipeline.py took 0.118 seconds
[2026-08-19T18:03:53.982+0000] {processor.py:186} INFO - Started process (PID=348) to work on /opt/airflow/dags/aiwork_pipeline.py
[2026-08-19T18:03:53.983+0000] {processor.py:914} INFO - Processing file /opt/airflow/dags/aiwork_pipeline.py for tasks to queue
[2026-08-19T18:03:53.995+0000] {logging_mixin.py:190} INFO - [2026-08-19T18:03:53.994+0000] {dagbag.py:588} INFO - Filling up the DagBag from /opt/airflow/dags/aiwork_pipeline.py
[2026-08-19T18:03:54.030+0000] {processor.py:925} INFO - DAG(s) 'aiwork_pipeline' retrieved from /opt/airflow/dags/aiwork_pipeline.py
[2026-08-19T18:03:54.088+0000] {logging_mixin.py:190} INFO - [2026-08-19T18:03:54.088+0000] {dag.py:3239} INFO - Sync 1 DAGs
[2026-08-19T18:03:54.124+0000] {logging_mixin.py:190} INFO - [2026-08-19T18:03:54.124+0000] {dag.py:4180} INFO - Setting next_dagrun for aiwork_pipeline to 2026-08-09 00:00:00+00:00, run_after=2026-08-16 00:00:00+00:00
[2026-08-19T18:03:54.147+0000] {processor.py:208} INFO - Processing /opt/airflow/dags/aiwork_pipeline.py took 0.181 seconds
[2026-08-19T18:04:24.321+0000] {processor.py:186} INFO - Started process (PID=353) to work on /opt/airflow/dags/aiwork_pipeline.py
[2026-08-19T18:04:24.323+0000] {processor.py:914} INFO - Processing file /opt/airflow/dags/aiwork_pipeline.py for tasks to queue
[2026-08-19T18:04:24.326+0000] {logging_mixin.py:190} INFO - [2026-08-19T18:04:24.326+0000] {dagbag.py:588} INFO - Filling up the DagBag from /opt/airflow/dags/aiwork_pipeline.py
[2026-08-19T18:04:24.347+0000] {processor.py:925} INFO - DAG(s) 'aiwork_pipeline' retrieved from /opt/airflow/dags/aiwork_pipeline.py
[2026-08-19T18:04:24.383+0000] {logging_mixin.py:190} INFO - [2026-08-19T18:04:24.383+0000] {dag.py:3239} INFO - Sync 1 DAGs
[2026-08-19T18:04:24.403+0000] {logging_mixin.py:190} INFO - [2026-08-19T18:04:24.403+0000] {dag.py:4180} INFO - Setting next_dagrun for aiwork_pipeline to 2026-08-09 00:00:00+00:00, run_after=2026-08-16 00:00:00+00:00
[2026-08-19T18:04:24.414+0000] {processor.py:208} INFO - Processing /opt/airflow/dags/aiwork_pipeline.py took 0.109 seconds
[2026-08-19T18:04:54.778+0000] {processor.py:186} INFO - Started process (PID=358) to work on /opt/airflow/dags/aiwork_pipeline.py
[2026-08-19T18:04:54.781+0000] {processor.py:914} INFO - Processing file /opt/airflow/dags/aiwork_pipeline.py for tasks to queue
[2026-08-19T18:04:54.787+0000] {logging_mixin.py:190} INFO - [2026-08-19T18:04:54.785+0000] {dagbag.py:588} INFO - Filling up the DagBag from /opt/airflow/dags/aiwork_pipeline.py
[2026-08-19T18:04:54.816+0000] {processor.py:925} INFO - DAG(s) 'aiwork_pipeline' retrieved from /opt/airflow/dags/aiwork_pipeline.py
[2026-08-19T18:04:54.867+0000] {logging_mixin.py:190} INFO - [2026-08-19T18:04:54.867+0000] {dag.py:3239} INFO - Sync 1 DAGs
[2026-08-19T18:04:54.885+0000] {logging_mixin.py:190} INFO - [2026-08-19T18:04:54.885+0000] {dag.py:4180} INFO - Setting next_dagrun for aiwork_pipeline to 2026-08-09 00:00:00+00:00, run_after=2026-08-16 00:00:00+00:00
[2026-08-19T18:04:54.894+0000] {processor.py:208} INFO - Processing /opt/airflow/dags/aiwork_pipeline.py took 0.135 seconds
[2026-08-19T18:05:25.322+0000] {processor.py:186} INFO - Started process (PID=363) to work on /opt/airflow/dags/aiwork_pipeline.py
[2026-08-19T18:05:25.324+0000] {processor.py:914} INFO - Processing file /opt/airflow/dags/aiwork_pipeline.py for tasks to queue
[2026-08-19T18:05:25.332+0000] {logging_mixin.py:190} INFO - [2026-08-19T18:05:25.331+0000] {dagbag.py:588} INFO - Filling up the DagBag from /opt/airflow/dags/aiwork_pipeline.py
[2026-08-19T18:05:25.351+0000] {processor.py:925} INFO - DAG(s) 'aiwork_pipeline' retrieved from /opt/airflow/dags/aiwork_pipeline.py
[2026-08-19T18:05:25.388+0000] {logging_mixin.py:190} INFO - [2026-08-19T18:05:25.388+0000] {dag.py:3239} INFO - Sync 1 DAGs
[2026-08-19T18:05:25.410+0000] {logging_mixin.py:190} INFO - [2026-08-19T18:05:25.410+0000] {dag.py:4180} INFO - Setting next_dagrun for aiwork_pipeline to 2026-08-09 00:00:00+00:00, run_after=2026-08-16 00:00:00+00:00
[2026-08-19T18:05:25.421+0000] {processor.py:208} INFO - Processing /opt/airflow/dags/aiwork_pipeline.py took 0.119 seconds
[2026-08-19T18:05:55.750+0000] {processor.py:186} INFO - Started process (PID=368) to work on /opt/airflow/dags/aiwork_pipeline.py
[2026-08-19T18:05:55.751+0000] {processor.py:914} INFO - Processing file /opt/airflow/dags/aiwork_pipeline.py for tasks to queue
[2026-08-19T18:05:55.755+0000] {logging_mixin.py:190} INFO - [2026-08-19T18:05:55.754+0000] {dagbag.py:588} INFO - Filling up the DagBag from /opt/airflow/dags/aiwork_pipeline.py
[2026-08-19T18:05:55.791+0000] {processor.py:925} INFO - DAG(s) 'aiwork_pipeline' retrieved from /opt/airflow/dags/aiwork_pipeline.py
[2026-08-19T18:05:55.834+0000] {logging_mixin.py:190} INFO - [2026-08-19T18:05:55.833+0000] {dag.py:3239} INFO - Sync 1 DAGs
[2026-08-19T18:05:55.862+0000] {logging_mixin.py:190} INFO - [2026-08-19T18:05:55.862+0000] {dag.py:4180} INFO - Setting next_dagrun for aiwork_pipeline to 2026-08-09 00:00:00+00:00, run_after=2026-08-16 00:00:00+00:00
[2026-08-19T18:05:55.878+0000] {processor.py:208} INFO - Processing /opt/airflow/dags/aiwork_pipeline.py took 0.142 seconds
[2026-08-19T18:06:26.180+0000] {processor.py:186} INFO - Started process (PID=373) to work on /opt/airflow/dags/aiwork_pipeline.py
[2026-08-19T18:06:26.183+0000] {processor.py:914} INFO - Processing file /opt/airflow/dags/aiwork_pipeline.py for tasks to queue
[2026-08-19T18:06:26.187+0000] {logging_mixin.py:190} INFO - [2026-08-19T18:06:26.187+0000] {dagbag.py:588} INFO - Filling up the DagBag from /opt/airflow/dags/aiwork_pipeline.py
[2026-08-19T18:06:26.208+0000] {processor.py:925} INFO - DAG(s) 'aiwork_pipeline' retrieved from /opt/airflow/dags/aiwork_pipeline.py
[2026-08-19T18:06:26.240+0000] {logging_mixin.py:190} INFO - [2026-08-19T18:06:26.239+0000] {dag.py:3239} INFO - Sync 1 DAGs
[2026-08-19T18:06:26.255+0000] {logging_mixin.py:190} INFO - [2026-08-19T18:06:26.255+0000] {dag.py:4180} INFO - Setting next_dagrun for aiwork_pipeline to 2026-08-09 00:00:00+00:00, run_after=2026-08-16 00:00:00+00:00
[2026-08-19T18:06:26.265+0000] {processor.py:208} INFO - Processing /opt/airflow/dags/aiwork_pipeline.py took 0.101 seconds
[2026-08-19T18:06:56.579+0000] {processor.py:186} INFO - Started process (PID=378) to work on /opt/airflow/dags/aiwork_pipeline.py
[2026-08-19T18:06:56.581+0000] {processor.py:914} INFO - Processing file /opt/airflow/dags/aiwork_pipeline.py for tasks to queue
[2026-08-19T18:06:56.585+0000] {logging_mixin.py:190} INFO - [2026-08-19T18:06:56.585+0000] {dagbag.py:588} INFO - Filling up the DagBag from /opt/airflow/dags/aiwork_pipeline.py
[2026-08-19T18:06:56.613+0000] {processor.py:925} INFO - DAG(s) 'aiwork_pipeline' retrieved from /opt/airflow/dags/aiwork_pipeline.py
[2026-08-19T18:06:56.646+0000] {logging_mixin.py:190} INFO - [2026-08-19T18:06:56.645+0000] {dag.py:3239} INFO - Sync 1 DAGs
[2026-08-19T18:06:56.663+0000] {logging_mixin.py:190} INFO - [2026-08-19T18:06:56.663+0000] {dag.py:4180} INFO - Setting next_dagrun for aiwork_pipeline to 2026-08-09 00:00:00+00:00, run_after=2026-08-16 00:00:00+00:00
[2026-08-19T18:06:56.673+0000] {processor.py:208} INFO - Processing /opt/airflow/dags/aiwork_pipeline.py took 0.112 seconds
[2026-08-19T18:07:27.042+0000] {processor.py:186} INFO - Started process (PID=383) to work on /opt/airflow/dags/aiwork_pipeline.py
[2026-08-19T18:07:27.044+0000] {processor.py:914} INFO - Processing file /opt/airflow/dags/aiwork_pipeline.py for tasks to queue
[2026-08-19T18:07:27.049+0000] {logging_mixin.py:190} INFO - [2026-08-19T18:07:27.048+0000] {dagbag.py:588} INFO - Filling up the DagBag from /opt/airflow/dags/aiwork_pipeline.py
[2026-08-19T18:07:27.078+0000] {processor.py:925} INFO - DAG(s) 'aiwork_pipeline' retrieved from /opt/airflow/dags/aiwork_pipeline.py
[2026-08-19T18:07:27.111+0000] {logging_mixin.py:190} INFO - [2026-08-19T18:07:27.111+0000] {dag.py:3239} INFO - Sync 1 DAGs
[2026-08-19T18:07:27.127+0000] {logging_mixin.py:190} INFO - [2026-08-19T18:07:27.127+0000] {dag.py:4180} INFO - Setting next_dagrun for aiwork_pipeline to 2026-08-09 00:00:00+00:00, run_after=2026-08-16 00:00:00+00:00
[2026-08-19T18:07:27.137+0000] {processor.py:208} INFO - Processing /opt/airflow/dags/aiwork_pipeline.py took 0.109 seconds
[2026-08-19T18:07:37.534+0000] {processor.py:186} INFO - Started process (PID=388) to work on /opt/airflow/dags/aiwork_pipeline.py
[2026-08-19T18:07:37.555+0000] {processor.py:914} INFO - Processing file /opt/airflow/dags/aiwork_pipeline.py for tasks to queue
[2026-08-19T18:07:37.565+0000] {logging_mixin.py:190} INFO - [2026-08-19T18:07:37.564+0000] {dagbag.py:588} INFO - Filling up the DagBag from /opt/airflow/dags/aiwork_pipeline.py
[2026-08-19T18:07:37.817+0000] {processor.py:925} INFO - DAG(s) 'aiwork_pipeline' retrieved from /opt/airflow/dags/aiwork_pipeline.py
[2026-08-19T18:07:38.103+0000] {logging_mixin.py:190} INFO - [2026-08-19T18:07:38.102+0000] {dag.py:3239} INFO - Sync 1 DAGs
[2026-08-19T18:07:38.133+0000] {logging_mixin.py:190} INFO - [2026-08-19T18:07:38.133+0000] {dag.py:4180} INFO - Setting next_dagrun for aiwork_pipeline to 2026-08-09 00:00:00+00:00, run_after=2026-08-16 00:00:00+00:00
[2026-08-19T18:07:38.155+0000] {processor.py:208} INFO - Processing /opt/airflow/dags/aiwork_pipeline.py took 0.709 seconds
[2026-08-19T18:08:08.594+0000] {processor.py:186} INFO - Started process (PID=393) to work on /opt/airflow/dags/aiwork_pipeline.py
[2026-08-19T18:08:08.598+0000] {processor.py:914} INFO - Processing file /opt/airflow/dags/aiwork_pipeline.py for tasks to queue
[2026-08-19T18:08:08.604+0000] {logging_mixin.py:190} INFO - [2026-08-19T18:08:08.603+0000] {dagbag.py:588} INFO - Filling up the DagBag from /opt/airflow/dags/aiwork_pipeline.py
[2026-08-19T18:08:08.634+0000] {processor.py:925} INFO - DAG(s) 'aiwork_pipeline' retrieved from /opt/airflow/dags/aiwork_pipeline.py
[2026-08-19T18:08:08.681+0000] {logging_mixin.py:190} INFO - [2026-08-19T18:08:08.680+0000] {dag.py:3239} INFO - Sync 1 DAGs
[2026-08-19T18:08:08.706+0000] {logging_mixin.py:190} INFO - [2026-08-19T18:08:08.705+0000] {dag.py:4180} INFO - Setting next_dagrun for aiwork_pipeline to 2026-08-09 00:00:00+00:00, run_after=2026-08-16 00:00:00+00:00
[2026-08-19T18:08:08.720+0000] {processor.py:208} INFO - Processing /opt/airflow/dags/aiwork_pipeline.py took 0.147 seconds
[2026-08-19T18:08:19.721+0000] {processor.py:186} INFO - Started process (PID=398) to work on /opt/airflow/dags/aiwork_pipeline.py
[2026-08-19T18:08:19.723+0000] {processor.py:914} INFO - Processing file /opt/airflow/dags/aiwork_pipeline.py for tasks to queue
[2026-08-19T18:08:19.729+0000] {logging_mixin.py:190} INFO - [2026-08-19T18:08:19.729+0000] {dagbag.py:588} INFO - Filling up the DagBag from /opt/airflow/dags/aiwork_pipeline.py
[2026-08-19T18:08:19.758+0000] {processor.py:925} INFO - DAG(s) 'aiwork_pipeline' retrieved from /opt/airflow/dags/aiwork_pipeline.py
[2026-08-19T18:08:19.924+0000] {logging_mixin.py:190} INFO - [2026-08-19T18:08:19.923+0000] {dag.py:3239} INFO - Sync 1 DAGs
[2026-08-19T18:08:19.950+0000] {logging_mixin.py:190} INFO - [2026-08-19T18:08:19.950+0000] {dag.py:4180} INFO - Setting next_dagrun for aiwork_pipeline to 2026-08-09 00:00:00+00:00, run_after=2026-08-16 00:00:00+00:00
[2026-08-19T18:08:19.969+0000] {processor.py:208} INFO - Processing /opt/airflow/dags/aiwork_pipeline.py took 0.263 seconds
[2026-08-19T18:08:50.571+0000] {processor.py:186} INFO - Started process (PID=403) to work on /opt/airflow/dags/aiwork_pipeline.py
[2026-08-19T18:08:50.575+0000] {processor.py:914} INFO - Processing file /opt/airflow/dags/aiwork_pipeline.py for tasks to queue
[2026-08-19T18:08:50.587+0000] {logging_mixin.py:190} INFO - [2026-08-19T18:08:50.585+0000] {dagbag.py:588} INFO - Filling up the DagBag from /opt/airflow/dags/aiwork_pipeline.py
[2026-08-19T18:08:50.619+0000] {processor.py:925} INFO - DAG(s) 'aiwork_pipeline' retrieved from /opt/airflow/dags/aiwork_pipeline.py
[2026-08-19T18:08:50.659+0000] {logging_mixin.py:190} INFO - [2026-08-19T18:08:50.659+0000] {dag.py:3239} INFO - Sync 1 DAGs
[2026-08-19T18:08:50.679+0000] {logging_mixin.py:190} INFO - [2026-08-19T18:08:50.679+0000] {dag.py:4180} INFO - Setting next_dagrun for aiwork_pipeline to 2026-08-09 00:00:00+00:00, run_after=2026-08-16 00:00:00+00:00
[2026-08-19T18:08:50.688+0000] {processor.py:208} INFO - Processing /opt/airflow/dags/aiwork_pipeline.py took 0.128 seconds
[2026-08-19T18:09:20.959+0000] {processor.py:186} INFO - Started process (PID=408) to work on /opt/airflow/dags/aiwork_pipeline.py
[2026-08-19T18:09:20.961+0000] {processor.py:914} INFO - Processing file /opt/airflow/dags/aiwork_pipeline.py for tasks to queue
[2026-08-19T18:09:20.964+0000] {logging_mixin.py:190} INFO - [2026-08-19T18:09:20.964+0000] {dagbag.py:588} INFO - Filling up the DagBag from /opt/airflow/dags/aiwork_pipeline.py
[2026-08-19T18:09:20.991+0000] {processor.py:925} INFO - DAG(s) 'aiwork_pipeline' retrieved from /opt/airflow/dags/aiwork_pipeline.py
[2026-08-19T18:09:21.018+0000] {logging_mixin.py:190} INFO - [2026-08-19T18:09:21.018+0000] {dag.py:3239} INFO - Sync 1 DAGs
[2026-08-19T18:09:21.033+0000] {logging_mixin.py:190} INFO - [2026-08-19T18:09:21.033+0000] {dag.py:4180} INFO - Setting next_dagrun for aiwork_pipeline to 2026-08-09 00:00:00+00:00, run_after=2026-08-16 00:00:00+00:00
[2026-08-19T18:09:21.044+0000] {processor.py:208} INFO - Processing /opt/airflow/dags/aiwork_pipeline.py took 0.105 seconds
[2026-08-19T18:09:47.385+0000] {processor.py:186} INFO - Started process (PID=413) to work on /opt/airflow/dags/aiwork_pipeline.py
[2026-08-19T18:09:47.386+0000] {processor.py:914} INFO - Processing file /opt/airflow/dags/aiwork_pipeline.py for tasks to queue
[2026-08-19T18:09:47.391+0000] {logging_mixin.py:190} INFO - [2026-08-19T18:09:47.390+0000] {dagbag.py:588} INFO - Filling up the DagBag from /opt/airflow/dags/aiwork_pipeline.py
[2026-08-19T18:09:47.427+0000] {processor.py:925} INFO - DAG(s) 'aiwork_pipeline' retrieved from /opt/airflow/dags/aiwork_pipeline.py
[2026-08-19T18:09:47.466+0000] {logging_mixin.py:190} INFO - [2026-08-19T18:09:47.466+0000] {dag.py:3239} INFO - Sync 1 DAGs
[2026-08-19T18:09:47.495+0000] {logging_mixin.py:190} INFO - [2026-08-19T18:09:47.494+0000] {dag.py:4180} INFO - Setting next_dagrun for aiwork_pipeline to 2026-08-09 00:00:00+00:00, run_after=2026-08-16 00:00:00+00:00
[2026-08-19T18:09:47.506+0000] {processor.py:208} INFO - Processing /opt/airflow/dags/aiwork_pipeline.py took 0.142 seconds
[2026-08-19T18:10:36.878+0000] {processor.py:186} INFO - Started process (PID=163) to work on /opt/airflow/dags/aiwork_pipeline.py
[2026-08-19T18:10:36.880+0000] {processor.py:914} INFO - Processing file /opt/airflow/dags/aiwork_pipeline.py for tasks to queue
[2026-08-19T18:10:36.887+0000] {logging_mixin.py:190} INFO - [2026-08-19T18:10:36.886+0000] {dagbag.py:588} INFO - Filling up the DagBag from /opt/airflow/dags/aiwork_pipeline.py
[2026-08-19T18:10:36.928+0000] {processor.py:925} INFO - DAG(s) 'aiwork_pipeline' retrieved from /opt/airflow/dags/aiwork_pipeline.py
[2026-08-19T18:10:36.983+0000] {logging_mixin.py:190} INFO - [2026-08-19T18:10:36.982+0000] {dag.py:3239} INFO - Sync 1 DAGs
[2026-08-19T18:10:37.010+0000] {logging_mixin.py:190} INFO - [2026-08-19T18:10:37.010+0000] {dag.py:4180} INFO - Setting next_dagrun for aiwork_pipeline to 2026-08-09 00:00:00+00:00, run_after=2026-08-16 00:00:00+00:00
[2026-08-19T18:10:37.027+0000] {processor.py:208} INFO - Processing /opt/airflow/dags/aiwork_pipeline.py took 0.160 seconds
[2026-08-19T18:11:07.407+0000] {processor.py:186} INFO - Started process (PID=169) to work on /opt/airflow/dags/aiwork_pipeline.py
[2026-08-19T18:11:07.408+0000] {processor.py:914} INFO - Processing file /opt/airflow/dags/aiwork_pipeline.py for tasks to queue
[2026-08-19T18:11:07.421+0000] {logging_mixin.py:190} INFO - [2026-08-19T18:11:07.421+0000] {dagbag.py:588} INFO - Filling up the DagBag from /opt/airflow/dags/aiwork_pipeline.py
[2026-08-19T18:11:07.477+0000] {processor.py:925} INFO - DAG(s) 'aiwork_pipeline' retrieved from /opt/airflow/dags/aiwork_pipeline.py
[2026-08-19T18:11:07.578+0000] {logging_mixin.py:190} INFO - [2026-08-19T18:11:07.578+0000] {dag.py:3239} INFO - Sync 1 DAGs
[2026-08-19T18:11:07.655+0000] {logging_mixin.py:190} INFO - [2026-08-19T18:11:07.655+0000] {dag.py:4180} INFO - Setting next_dagrun for aiwork_pipeline to 2026-08-09 00:00:00+00:00, run_after=2026-08-16 00:00:00+00:00
[2026-08-19T18:11:07.677+0000] {processor.py:208} INFO - Processing /opt/airflow/dags/aiwork_pipeline.py took 0.302 seconds
[2026-08-19T18:11:37.816+0000] {processor.py:186} INFO - Started process (PID=174) to work on /opt/airflow/dags/aiwork_pipeline.py
[2026-08-19T18:11:37.817+0000] {processor.py:914} INFO - Processing file /opt/airflow/dags/aiwork_pipeline.py for tasks to queue
[2026-08-19T18:11:37.826+0000] {logging_mixin.py:190} INFO - [2026-08-19T18:11:37.826+0000] {dagbag.py:588} INFO - Filling up the DagBag from /opt/airflow/dags/aiwork_pipeline.py
[2026-08-19T18:11:37.847+0000] {processor.py:925} INFO - DAG(s) 'aiwork_pipeline' retrieved from /opt/airflow/dags/aiwork_pipeline.py
[2026-08-19T18:11:37.874+0000] {logging_mixin.py:190} INFO - [2026-08-19T18:11:37.874+0000] {dag.py:3239} INFO - Sync 1 DAGs
[2026-08-19T18:11:37.895+0000] {logging_mixin.py:190} INFO - [2026-08-19T18:11:37.895+0000] {dag.py:4180} INFO - Setting next_dagrun for aiwork_pipeline to 2026-08-09 00:00:00+00:00, run_after=2026-08-16 00:00:00+00:00
[2026-08-19T18:11:37.919+0000] {processor.py:208} INFO - Processing /opt/airflow/dags/aiwork_pipeline.py took 0.112 seconds
[2026-08-19T18:12:08.158+0000] {processor.py:186} INFO - Started process (PID=179) to work on /opt/airflow/dags/aiwork_pipeline.py
[2026-08-19T18:12:08.159+0000] {processor.py:914} INFO - Processing file /opt/airflow/dags/aiwork_pipeline.py for tasks to queue
[2026-08-19T18:12:08.163+0000] {logging_mixin.py:190} INFO - [2026-08-19T18:12:08.162+0000] {dagbag.py:588} INFO - Filling up the DagBag from /opt/airflow/dags/aiwork_pipeline.py
[2026-08-19T18:12:08.190+0000] {processor.py:925} INFO - DAG(s) 'aiwork_pipeline' retrieved from /opt/airflow/dags/aiwork_pipeline.py
[2026-08-19T18:12:08.221+0000] {logging_mixin.py:190} INFO - [2026-08-19T18:12:08.220+0000] {dag.py:3239} INFO - Sync 1 DAGs
[2026-08-19T18:12:08.240+0000] {logging_mixin.py:190} INFO - [2026-08-19T18:12:08.240+0000] {dag.py:4180} INFO - Setting next_dagrun for aiwork_pipeline to 2026-08-09 00:00:00+00:00, run_after=2026-08-16 00:00:00+00:00
[2026-08-19T18:12:08.249+0000] {processor.py:208} INFO - Processing /opt/airflow/dags/aiwork_pipeline.py took 0.100 seconds
[2026-08-19T18:12:38.630+0000] {processor.py:186} INFO - Started process (PID=184) to work on /opt/airflow/dags/aiwork_pipeline.py
[2026-08-19T18:12:38.632+0000] {processor.py:914} INFO - Processing file /opt/airflow/dags/aiwork_pipeline.py for tasks to queue
[2026-08-19T18:12:38.638+0000] {logging_mixin.py:190} INFO - [2026-08-19T18:12:38.637+0000] {dagbag.py:588} INFO - Filling up the DagBag from /opt/airflow/dags/aiwork_pipeline.py
[2026-08-19T18:12:38.664+0000] {processor.py:925} INFO - DAG(s) 'aiwork_pipeline' retrieved from /opt/airflow/dags/aiwork_pipeline.py
[2026-08-19T18:12:38.696+0000] {logging_mixin.py:190} INFO - [2026-08-19T18:12:38.695+0000] {dag.py:3239} INFO - Sync 1 DAGs
[2026-08-19T18:12:38.710+0000] {logging_mixin.py:190} INFO - [2026-08-19T18:12:38.710+0000] {dag.py:4180} INFO - Setting next_dagrun for aiwork_pipeline to 2026-08-09 00:00:00+00:00, run_after=2026-08-16 00:00:00+00:00
[2026-08-19T18:12:38.721+0000] {processor.py:208} INFO - Processing /opt/airflow/dags/aiwork_pipeline.py took 0.103 seconds
[2026-08-19T18:13:09.018+0000] {processor.py:186} INFO - Started process (PID=211) to work on /opt/airflow/dags/aiwork_pipeline.py
[2026-08-19T18:13:09.018+0000] {processor.py:914} INFO - Processing file /opt/airflow/dags/aiwork_pipeline.py for tasks to queue
[2026-08-19T18:13:09.022+0000] {logging_mixin.py:190} INFO - [2026-08-19T18:13:09.022+0000] {dagbag.py:588} INFO - Filling up the DagBag from /opt/airflow/dags/aiwork_pipeline.py
[2026-08-19T18:13:09.048+0000] {processor.py:925} INFO - DAG(s) 'aiwork_pipeline' retrieved from /opt/airflow/dags/aiwork_pipeline.py
[2026-08-19T18:13:09.084+0000] {logging_mixin.py:190} INFO - [2026-08-19T18:13:09.084+0000] {dag.py:3239} INFO - Sync 1 DAGs
[2026-08-19T18:13:09.103+0000] {logging_mixin.py:190} INFO - [2026-08-19T18:13:09.103+0000] {dag.py:4180} INFO - Setting next_dagrun for aiwork_pipeline to 2026-08-09 00:00:00+00:00, run_after=2026-08-16 00:00:00+00:00
[2026-08-19T18:13:09.113+0000] {processor.py:208} INFO - Processing /opt/airflow/dags/aiwork_pipeline.py took 0.108 seconds
[2026-08-19T18:13:39.433+0000] {processor.py:186} INFO - Started process (PID=216) to work on /opt/airflow/dags/aiwork_pipeline.py
[2026-08-19T18:13:39.435+0000] {processor.py:914} INFO - Processing file /opt/airflow/dags/aiwork_pipeline.py for tasks to queue
[2026-08-19T18:13:39.438+0000] {logging_mixin.py:190} INFO - [2026-08-19T18:13:39.438+0000] {dagbag.py:588} INFO - Filling up the DagBag from /opt/airflow/dags/aiwork_pipeline.py
[2026-08-19T18:13:39.461+0000] {processor.py:925} INFO - DAG(s) 'aiwork_pipeline' retrieved from /opt/airflow/dags/aiwork_pipeline.py
[2026-08-19T18:13:39.490+0000] {logging_mixin.py:190} INFO - [2026-08-19T18:13:39.489+0000] {dag.py:3239} INFO - Sync 1 DAGs
[2026-08-19T18:13:39.504+0000] {logging_mixin.py:190} INFO - [2026-08-19T18:13:39.504+0000] {dag.py:4180} INFO - Setting next_dagrun for aiwork_pipeline to 2026-08-09 00:00:00+00:00, run_after=2026-08-16 00:00:00+00:00
[2026-08-19T18:13:39.515+0000] {processor.py:208} INFO - Processing /opt/airflow/dags/aiwork_pipeline.py took 0.092 seconds
[2026-08-19T18:14:09.811+0000] {processor.py:186} INFO - Started process (PID=221) to work on /opt/airflow/dags/aiwork_pipeline.py
[2026-08-19T18:14:09.812+0000] {processor.py:914} INFO - Processing file /opt/airflow/dags/aiwork_pipeline.py for tasks to queue
[2026-08-19T18:14:09.827+0000] {logging_mixin.py:190} INFO - [2026-08-19T18:14:09.825+0000] {dagbag.py:588} INFO - Filling up the DagBag from /opt/airflow/dags/aiwork_pipeline.py
[2026-08-19T18:14:09.857+0000] {processor.py:925} INFO - DAG(s) 'aiwork_pipeline' retrieved from /opt/airflow/dags/aiwork_pipeline.py
[2026-08-19T18:14:09.888+0000] {logging_mixin.py:190} INFO - [2026-08-19T18:14:09.888+0000] {dag.py:3239} INFO - Sync 1 DAGs
[2026-08-19T18:14:09.909+0000] {logging_mixin.py:190} INFO - [2026-08-19T18:14:09.908+0000] {dag.py:4180} INFO - Setting next_dagrun for aiwork_pipeline to 2026-08-09 00:00:00+00:00, run_after=2026-08-16 00:00:00+00:00
[2026-08-19T18:14:09.919+0000] {processor.py:208} INFO - Processing /opt/airflow/dags/aiwork_pipeline.py took 0.120 seconds
[2026-08-19T18:14:40.173+0000] {processor.py:186} INFO - Started process (PID=226) to work on /opt/airflow/dags/aiwork_pipeline.py
[2026-08-19T18:14:40.175+0000] {processor.py:914} INFO - Processing file /opt/airflow/dags/aiwork_pipeline.py for tasks to queue
[2026-08-19T18:14:40.180+0000] {logging_mixin.py:190} INFO - [2026-08-19T18:14:40.179+0000] {dagbag.py:588} INFO - Filling up the DagBag from /opt/airflow/dags/aiwork_pipeline.py
[2026-08-19T18:14:40.206+0000] {processor.py:925} INFO - DAG(s) 'aiwork_pipeline' retrieved from /opt/airflow/dags/aiwork_pipeline.py
[2026-08-19T18:14:40.240+0000] {logging_mixin.py:190} INFO - [2026-08-19T18:14:40.240+0000] {dag.py:3239} INFO - Sync 1 DAGs
[2026-08-19T18:14:40.257+0000] {logging_mixin.py:190} INFO - [2026-08-19T18:14:40.257+0000] {dag.py:4180} INFO - Setting next_dagrun for aiwork_pipeline to 2026-08-09 00:00:00+00:00, run_after=2026-08-16 00:00:00+00:00
[2026-08-19T18:14:40.266+0000] {processor.py:208} INFO - Processing /opt/airflow/dags/aiwork_pipeline.py took 0.109 seconds
[2026-08-19T18:15:10.587+0000] {processor.py:186} INFO - Started process (PID=231) to work on /opt/airflow/dags/aiwork_pipeline.py
[2026-08-19T18:15:10.588+0000] {processor.py:914} INFO - Processing file /opt/airflow/dags/aiwork_pipeline.py for tasks to queue
[2026-08-19T18:15:10.593+0000] {logging_mixin.py:190} INFO - [2026-08-19T18:15:10.592+0000] {dagbag.py:588} INFO - Filling up the DagBag from /opt/airflow/dags/aiwork_pipeline.py
[2026-08-19T18:15:10.626+0000] {processor.py:925} INFO - DAG(s) 'aiwork_pipeline' retrieved from /opt/airflow/dags/aiwork_pipeline.py
[2026-08-19T18:15:10.650+0000] {logging_mixin.py:190} INFO - [2026-08-19T18:15:10.650+0000] {dag.py:3239} INFO - Sync 1 DAGs
[2026-08-19T18:15:10.665+0000] {logging_mixin.py:190} INFO - [2026-08-19T18:15:10.665+0000] {dag.py:4180} INFO - Setting next_dagrun for aiwork_pipeline to 2026-08-09 00:00:00+00:00, run_after=2026-08-16 00:00:00+00:00
[2026-08-19T18:15:10.674+0000] {processor.py:208} INFO - Processing /opt/airflow/dags/aiwork_pipeline.py took 0.099 seconds
[2026-08-19T18:15:40.998+0000] {processor.py:186} INFO - Started process (PID=236) to work on /opt/airflow/dags/aiwork_pipeline.py
[2026-08-19T18:15:40.999+0000] {processor.py:914} INFO - Processing file /opt/airflow/dags/aiwork_pipeline.py for tasks to queue
[2026-08-19T18:15:41.003+0000] {logging_mixin.py:190} INFO - [2026-08-19T18:15:41.003+0000] {dagbag.py:588} INFO - Filling up the DagBag from /opt/airflow/dags/aiwork_pipeline.py
[2026-08-19T18:15:41.030+0000] {processor.py:925} INFO - DAG(s) 'aiwork_pipeline' retrieved from /opt/airflow/dags/aiwork_pipeline.py
[2026-08-19T18:15:41.058+0000] {logging_mixin.py:190} INFO - [2026-08-19T18:15:41.057+0000] {dag.py:3239} INFO - Sync 1 DAGs
[2026-08-19T18:15:41.074+0000] {logging_mixin.py:190} INFO - [2026-08-19T18:15:41.074+0000] {dag.py:4180} INFO - Setting next_dagrun for aiwork_pipeline to 2026-08-09 00:00:00+00:00, run_after=2026-08-16 00:00:00+00:00
[2026-08-19T18:15:41.083+0000] {processor.py:208} INFO - Processing /opt/airflow/dags/aiwork_pipeline.py took 0.093 seconds
[2026-08-19T18:16:11.353+0000] {processor.py:186} INFO - Started process (PID=241) to work on /opt/airflow/dags/aiwork_pipeline.py
[2026-08-19T18:16:11.354+0000] {processor.py:914} INFO - Processing file /opt/airflow/dags/aiwork_pipeline.py for tasks to queue
[2026-08-19T18:16:11.361+0000] {logging_mixin.py:190} INFO - [2026-08-19T18:16:11.361+0000] {dagbag.py:588} INFO - Filling up the DagBag from /opt/airflow/dags/aiwork_pipeline.py
[2026-08-19T18:16:11.380+0000] {processor.py:925} INFO - DAG(s) 'aiwork_pipeline' retrieved from /opt/airflow/dags/aiwork_pipeline.py
[2026-08-19T18:16:11.406+0000] {logging_mixin.py:190} INFO - [2026-08-19T18:16:11.405+0000] {dag.py:3239} INFO - Sync 1 DAGs
[2026-08-19T18:16:11.426+0000] {logging_mixin.py:190} INFO - [2026-08-19T18:16:11.426+0000] {dag.py:4180} INFO - Setting next_dagrun for aiwork_pipeline to 2026-08-09 00:00:00+00:00, run_after=2026-08-16 00:00:00+00:00
[2026-08-19T18:16:11.435+0000] {processor.py:208} INFO - Processing /opt/airflow/dags/aiwork_pipeline.py took 0.105 seconds
[2026-08-19T18:16:41.805+0000] {processor.py:186} INFO - Started process (PID=246) to work on /opt/airflow/dags/aiwork_pipeline.py
[2026-08-19T18:16:41.807+0000] {processor.py:914} INFO - Processing file /opt/airflow/dags/aiwork_pipeline.py for tasks to queue
[2026-08-19T18:16:41.817+0000] {logging_mixin.py:190} INFO - [2026-08-19T18:16:41.817+0000] {dagbag.py:588} INFO - Filling up the DagBag from /opt/airflow/dags/aiwork_pipeline.py
[2026-08-19T18:16:41.841+0000] {processor.py:925} INFO - DAG(s) 'aiwork_pipeline' retrieved from /opt/airflow/dags/aiwork_pipeline.py
[2026-08-19T18:16:41.877+0000] {logging_mixin.py:190} INFO - [2026-08-19T18:16:41.877+0000] {dag.py:3239} INFO - Sync 1 DAGs
[2026-08-19T18:16:41.892+0000] {logging_mixin.py:190} INFO - [2026-08-19T18:16:41.892+0000] {dag.py:4180} INFO - Setting next_dagrun for aiwork_pipeline to 2026-08-09 00:00:00+00:00, run_after=2026-08-16 00:00:00+00:00
[2026-08-19T18:16:41.904+0000] {processor.py:208} INFO - Processing /opt/airflow/dags/aiwork_pipeline.py took 0.111 seconds
[2026-08-19T18:17:12.175+0000] {processor.py:186} INFO - Started process (PID=251) to work on /opt/airflow/dags/aiwork_pipeline.py
[2026-08-19T18:17:12.176+0000] {processor.py:914} INFO - Processing file /opt/airflow/dags/aiwork_pipeline.py for tasks to queue
[2026-08-19T18:17:12.180+0000] {logging_mixin.py:190} INFO - [2026-08-19T18:17:12.179+0000] {dagbag.py:588} INFO - Filling up the DagBag from /opt/airflow/dags/aiwork_pipeline.py
[2026-08-19T18:17:12.200+0000] {processor.py:925} INFO - DAG(s) 'aiwork_pipeline' retrieved from /opt/airflow/dags/aiwork_pipeline.py
[2026-08-19T18:17:12.233+0000] {logging_mixin.py:190} INFO - [2026-08-19T18:17:12.233+0000] {dag.py:3239} INFO - Sync 1 DAGs
[2026-08-19T18:17:12.251+0000] {logging_mixin.py:190} INFO - [2026-08-19T18:17:12.251+0000] {dag.py:4180} INFO - Setting next_dagrun for aiwork_pipeline to 2026-08-09 00:00:00+00:00, run_after=2026-08-16 00:00:00+00:00
[2026-08-19T18:17:12.260+0000] {processor.py:208} INFO - Processing /opt/airflow/dags/aiwork_pipeline.py took 0.100 seconds
[2026-08-19T18:17:42.611+0000] {processor.py:186} INFO - Started process (PID=256) to work on /opt/airflow/dags/aiwork_pipeline.py
[2026-08-19T18:17:42.612+0000] {processor.py:914} INFO - Processing file /opt/airflow/dags/aiwork_pipeline.py for tasks to queue
[2026-08-19T18:17:42.616+0000] {logging_mixin.py:190} INFO - [2026-08-19T18:17:42.615+0000] {dagbag.py:588} INFO - Filling up the DagBag from /opt/airflow/dags/aiwork_pipeline.py
[2026-08-19T18:17:42.638+0000] {processor.py:925} INFO - DAG(s) 'aiwork_pipeline' retrieved from /opt/airflow/dags/aiwork_pipeline.py
[2026-08-19T18:17:42.669+0000] {logging_mixin.py:190} INFO - [2026-08-19T18:17:42.669+0000] {dag.py:3239} INFO - Sync 1 DAGs
[2026-08-19T18:17:42.688+0000] {logging_mixin.py:190} INFO - [2026-08-19T18:17:42.688+0000] {dag.py:4180} INFO - Setting next_dagrun for aiwork_pipeline to 2026-08-09 00:00:00+00:00, run_after=2026-08-16 00:00:00+00:00
[2026-08-19T18:17:42.698+0000] {processor.py:208} INFO - Processing /opt/airflow/dags/aiwork_pipeline.py took 0.104 seconds
[2026-08-19T18:18:13.022+0000] {processor.py:186} INFO - Started process (PID=261) to work on /opt/airflow/dags/aiwork_pipeline.py
[2026-08-19T18:18:13.023+0000] {processor.py:914} INFO - Processing file /opt/airflow/dags/aiwork_pipeline.py for tasks to queue
[2026-08-19T18:18:13.027+0000] {logging_mixin.py:190} INFO - [2026-08-19T18:18:13.026+0000] {dagbag.py:588} INFO - Filling up the DagBag from /opt/airflow/dags/aiwork_pipeline.py
[2026-08-19T18:18:13.048+0000] {processor.py:925} INFO - DAG(s) 'aiwork_pipeline' retrieved from /opt/airflow/dags/aiwork_pipeline.py
[2026-08-19T18:18:13.077+0000] {logging_mixin.py:190} INFO - [2026-08-19T18:18:13.077+0000] {dag.py:3239} INFO - Sync 1 DAGs
[2026-08-19T18:18:13.097+0000] {logging_mixin.py:190} INFO - [2026-08-19T18:18:13.097+0000] {dag.py:4180} INFO - Setting next_dagrun for aiwork_pipeline to 2026-08-09 00:00:00+00:00, run_after=2026-08-16 00:00:00+00:00
[2026-08-19T18:18:13.106+0000] {processor.py:208} INFO - Processing /opt/airflow/dags/aiwork_pipeline.py took 0.094 seconds
[2026-08-19T18:18:43.436+0000] {processor.py:186} INFO - Started process (PID=266) to work on /opt/airflow/dags/aiwork_pipeline.py
[2026-08-19T18:18:43.437+0000] {processor.py:914} INFO - Processing file /opt/airflow/dags/aiwork_pipeline.py for tasks to queue
[2026-08-19T18:18:43.441+0000] {logging_mixin.py:190} INFO - [2026-08-19T18:18:43.441+0000] {dagbag.py:588} INFO - Filling up the DagBag from /opt/airflow/dags/aiwork_pipeline.py
[2026-08-19T18:18:43.462+0000] {processor.py:925} INFO - DAG(s) 'aiwork_pipeline' retrieved from /opt/airflow/dags/aiwork_pipeline.py
[2026-08-19T18:18:43.489+0000] {logging_mixin.py:190} INFO - [2026-08-19T18:18:43.488+0000] {dag.py:3239} INFO - Sync 1 DAGs
[2026-08-19T18:18:43.511+0000] {logging_mixin.py:190} INFO - [2026-08-19T18:18:43.511+0000] {dag.py:4180} INFO - Setting next_dagrun for aiwork_pipeline to 2026-08-09 00:00:00+00:00, run_after=2026-08-16 00:00:00+00:00
[2026-08-19T18:18:43.524+0000] {processor.py:208} INFO - Processing /opt/airflow/dags/aiwork_pipeline.py took 0.101 seconds
[2026-08-19T18:19:13.889+0000] {processor.py:186} INFO - Started process (PID=271) to work on /opt/airflow/dags/aiwork_pipeline.py
[2026-08-19T18:19:13.890+0000] {processor.py:914} INFO - Processing file /opt/airflow/dags/aiwork_pipeline.py for tasks to queue
[2026-08-19T18:19:13.894+0000] {logging_mixin.py:190} INFO - [2026-08-19T18:19:13.893+0000] {dagbag.py:588} INFO - Filling up the DagBag from /opt/airflow/dags/aiwork_pipeline.py
[2026-08-19T18:19:13.928+0000] {processor.py:925} INFO - DAG(s) 'aiwork_pipeline' retrieved from /opt/airflow/dags/aiwork_pipeline.py
[2026-08-19T18:19:13.980+0000] {logging_mixin.py:190} INFO - [2026-08-19T18:19:13.980+0000] {dag.py:3239} INFO - Sync 1 DAGs
[2026-08-19T18:19:14.022+0000] {logging_mixin.py:190} INFO - [2026-08-19T18:19:14.022+0000] {dag.py:4180} INFO - Setting next_dagrun for aiwork_pipeline to 2026-08-09 00:00:00+00:00, run_after=2026-08-16 00:00:00+00:00
[2026-08-19T18:19:14.032+0000] {processor.py:208} INFO - Processing /opt/airflow/dags/aiwork_pipeline.py took 0.159 seconds
[2026-08-19T18:19:44.334+0000] {processor.py:186} INFO - Started process (PID=276) to work on /opt/airflow/dags/aiwork_pipeline.py
[2026-08-19T18:19:44.336+0000] {processor.py:914} INFO - Processing file /opt/airflow/dags/aiwork_pipeline.py for tasks to queue
[2026-08-19T18:19:44.340+0000] {logging_mixin.py:190} INFO - [2026-08-19T18:19:44.339+0000] {dagbag.py:588} INFO - Filling up the DagBag from /opt/airflow/dags/aiwork_pipeline.py
[2026-08-19T18:19:44.367+0000] {processor.py:925} INFO - DAG(s) 'aiwork_pipeline' retrieved from /opt/airflow/dags/aiwork_pipeline.py
[2026-08-19T18:19:44.411+0000] {logging_mixin.py:190} INFO - [2026-08-19T18:19:44.411+0000] {dag.py:3239} INFO - Sync 1 DAGs
[2026-08-19T18:19:44.430+0000] {logging_mixin.py:190} INFO - [2026-08-19T18:19:44.430+0000] {dag.py:4180} INFO - Setting next_dagrun for aiwork_pipeline to 2026-08-09 00:00:00+00:00, run_after=2026-08-16 00:00:00+00:00
[2026-08-19T18:19:44.440+0000] {processor.py:208} INFO - Processing /opt/airflow/dags/aiwork_pipeline.py took 0.119 seconds
[2026-08-19T18:20:14.773+0000] {processor.py:186} INFO - Started process (PID=281) to work on /opt/airflow/dags/aiwork_pipeline.py
[2026-08-19T18:20:14.774+0000] {processor.py:914} INFO - Processing file /opt/airflow/dags/aiwork_pipeline.py for tasks to queue
[2026-08-19T18:20:14.781+0000] {logging_mixin.py:190} INFO - [2026-08-19T18:20:14.780+0000] {dagbag.py:588} INFO - Filling up the DagBag from /opt/airflow/dags/aiwork_pipeline.py
[2026-08-19T18:20:14.804+0000] {processor.py:925} INFO - DAG(s) 'aiwork_pipeline' retrieved from /opt/airflow/dags/aiwork_pipeline.py
[2026-08-19T18:20:14.842+0000] {logging_mixin.py:190} INFO - [2026-08-19T18:20:14.841+0000] {dag.py:3239} INFO - Sync 1 DAGs
[2026-08-19T18:20:14.859+0000] {logging_mixin.py:190} INFO - [2026-08-19T18:20:14.859+0000] {dag.py:4180} INFO - Setting next_dagrun for aiwork_pipeline to 2026-08-09 00:00:00+00:00, run_after=2026-08-16 00:00:00+00:00
[2026-08-19T18:20:14.869+0000] {processor.py:208} INFO - Processing /opt/airflow/dags/aiwork_pipeline.py took 0.103 seconds
[2026-08-19T18:20:45.214+0000] {processor.py:186} INFO - Started process (PID=286) to work on /opt/airflow/dags/aiwork_pipeline.py
[2026-08-19T18:20:45.215+0000] {processor.py:914} INFO - Processing file /opt/airflow/dags/aiwork_pipeline.py for tasks to queue
[2026-08-19T18:20:45.219+0000] {logging_mixin.py:190} INFO - [2026-08-19T18:20:45.218+0000] {dagbag.py:588} INFO - Filling up the DagBag from /opt/airflow/dags/aiwork_pipeline.py
[2026-08-19T18:20:45.241+0000] {processor.py:925} INFO - DAG(s) 'aiwork_pipeline' retrieved from /opt/airflow/dags/aiwork_pipeline.py
[2026-08-19T18:20:45.270+0000] {logging_mixin.py:190} INFO - [2026-08-19T18:20:45.270+0000] {dag.py:3239} INFO - Sync 1 DAGs
[2026-08-19T18:20:45.285+0000] {logging_mixin.py:190} INFO - [2026-08-19T18:20:45.284+0000] {dag.py:4180} INFO - Setting next_dagrun for aiwork_pipeline to 2026-08-09 00:00:00+00:00, run_after=2026-08-16 00:00:00+00:00
[2026-08-19T18:20:45.297+0000] {processor.py:208} INFO - Processing /opt/airflow/dags/aiwork_pipeline.py took 0.099 seconds
[2026-08-19T18:21:15.630+0000] {processor.py:186} INFO - Started process (PID=291) to work on /opt/airflow/dags/aiwork_pipeline.py
[2026-08-19T18:21:15.631+0000] {processor.py:914} INFO - Processing file /opt/airflow/dags/aiwork_pipeline.py for tasks to queue
[2026-08-19T18:21:15.635+0000] {logging_mixin.py:190} INFO - [2026-08-19T18:21:15.634+0000] {dagbag.py:588} INFO - Filling up the DagBag from /opt/airflow/dags/aiwork_pipeline.py
[2026-08-19T18:21:15.653+0000] {processor.py:925} INFO - DAG(s) 'aiwork_pipeline' retrieved from /opt/airflow/dags/aiwork_pipeline.py
[2026-08-19T18:21:15.687+0000] {logging_mixin.py:190} INFO - [2026-08-19T18:21:15.687+0000] {dag.py:3239} INFO - Sync 1 DAGs
[2026-08-19T18:21:15.706+0000] {logging_mixin.py:190} INFO - [2026-08-19T18:21:15.706+0000] {dag.py:4180} INFO - Setting next_dagrun for aiwork_pipeline to 2026-08-09 00:00:00+00:00, run_after=2026-08-16 00:00:00+00:00
[2026-08-19T18:21:15.719+0000] {processor.py:208} INFO - Processing /opt/airflow/dags/aiwork_pipeline.py took 0.101 seconds
[2026-08-19T18:21:46.020+0000] {processor.py:186} INFO - Started process (PID=296) to work on /opt/airflow/dags/aiwork_pipeline.py
[2026-08-19T18:21:46.021+0000] {processor.py:914} INFO - Processing file /opt/airflow/dags/aiwork_pipeline.py for tasks to queue
[2026-08-19T18:21:46.025+0000] {logging_mixin.py:190} INFO - [2026-08-19T18:21:46.025+0000] {dagbag.py:588} INFO - Filling up the DagBag from /opt/airflow/dags/aiwork_pipeline.py
[2026-08-19T18:21:46.049+0000] {processor.py:925} INFO - DAG(s) 'aiwork_pipeline' retrieved from /opt/airflow/dags/aiwork_pipeline.py
[2026-08-19T18:21:46.102+0000] {logging_mixin.py:190} INFO - [2026-08-19T18:21:46.102+0000] {dag.py:3239} INFO - Sync 1 DAGs
[2026-08-19T18:21:46.124+0000] {logging_mixin.py:190} INFO - [2026-08-19T18:21:46.124+0000] {dag.py:4180} INFO - Setting next_dagrun for aiwork_pipeline to 2026-08-09 00:00:00+00:00, run_after=2026-08-16 00:00:00+00:00
[2026-08-19T18:21:46.137+0000] {processor.py:208} INFO - Processing /opt/airflow/dags/aiwork_pipeline.py took 0.128 seconds
[2026-08-19T18:22:16.442+0000] {processor.py:186} INFO - Started process (PID=301) to work on /opt/airflow/dags/aiwork_pipeline.py
[2026-08-19T18:22:16.443+0000] {processor.py:914} INFO - Processing file /opt/airflow/dags/aiwork_pipeline.py for tasks to queue
[2026-08-19T18:22:16.448+0000] {logging_mixin.py:190} INFO - [2026-08-19T18:22:16.447+0000] {dagbag.py:588} INFO - Filling up the DagBag from /opt/airflow/dags/aiwork_pipeline.py
[2026-08-19T18:22:16.468+0000] {processor.py:925} INFO - DAG(s) 'aiwork_pipeline' retrieved from /opt/airflow/dags/aiwork_pipeline.py
[2026-08-19T18:22:16.497+0000] {logging_mixin.py:190} INFO - [2026-08-19T18:22:16.497+0000] {dag.py:3239} INFO - Sync 1 DAGs
[2026-08-19T18:22:16.517+0000] {logging_mixin.py:190} INFO - [2026-08-19T18:22:16.517+0000] {dag.py:4180} INFO - Setting next_dagrun for aiwork_pipeline to 2026-08-09 00:00:00+00:00, run_after=2026-08-16 00:00:00+00:00
[2026-08-19T18:22:16.531+0000] {processor.py:208} INFO - Processing /opt/airflow/dags/aiwork_pipeline.py took 0.099 seconds
[2026-08-19T18:22:46.837+0000] {processor.py:186} INFO - Started process (PID=306) to work on /opt/airflow/dags/aiwork_pipeline.py
[2026-08-19T18:22:46.839+0000] {processor.py:914} INFO - Processing file /opt/airflow/dags/aiwork_pipeline.py for tasks to queue
[2026-08-19T18:22:46.843+0000] {logging_mixin.py:190} INFO - [2026-08-19T18:22:46.842+0000] {dagbag.py:588} INFO - Filling up the DagBag from /opt/airflow/dags/aiwork_pipeline.py
[2026-08-19T18:22:46.868+0000] {processor.py:925} INFO - DAG(s) 'aiwork_pipeline' retrieved from /opt/airflow/dags/aiwork_pipeline.py
[2026-08-19T18:22:46.897+0000] {logging_mixin.py:190} INFO - [2026-08-19T18:22:46.897+0000] {dag.py:3239} INFO - Sync 1 DAGs
[2026-08-19T18:22:46.923+0000] {logging_mixin.py:190} INFO - [2026-08-19T18:22:46.923+0000] {dag.py:4180} INFO - Setting next_dagrun for aiwork_pipeline to 2026-08-09 00:00:00+00:00, run_after=2026-08-16 00:00:00+00:00
[2026-08-19T18:22:46.933+0000] {processor.py:208} INFO - Processing /opt/airflow/dags/aiwork_pipeline.py took 0.107 seconds
[2026-08-19T18:23:17.256+0000] {processor.py:186} INFO - Started process (PID=311) to work on /opt/airflow/dags/aiwork_pipeline.py
[2026-08-19T18:23:17.257+0000] {processor.py:914} INFO - Processing file /opt/airflow/dags/aiwork_pipeline.py for tasks to queue
[2026-08-19T18:23:17.260+0000] {logging_mixin.py:190} INFO - [2026-08-19T18:23:17.260+0000] {dagbag.py:588} INFO - Filling up the DagBag from /opt/airflow/dags/aiwork_pipeline.py
[2026-08-19T18:23:17.279+0000] {processor.py:925} INFO - DAG(s) 'aiwork_pipeline' retrieved from /opt/airflow/dags/aiwork_pipeline.py
[2026-08-19T18:23:17.305+0000] {logging_mixin.py:190} INFO - [2026-08-19T18:23:17.305+0000] {dag.py:3239} INFO - Sync 1 DAGs
[2026-08-19T18:23:17.323+0000] {logging_mixin.py:190} INFO - [2026-08-19T18:23:17.322+0000] {dag.py:4180} INFO - Setting next_dagrun for aiwork_pipeline to 2026-08-09 00:00:00+00:00, run_after=2026-08-16 00:00:00+00:00
[2026-08-19T18:23:17.332+0000] {processor.py:208} INFO - Processing /opt/airflow/dags/aiwork_pipeline.py took 0.086 seconds
[2026-08-19T18:23:47.651+0000] {processor.py:186} INFO - Started process (PID=316) to work on /opt/airflow/dags/aiwork_pipeline.py
[2026-08-19T18:23:47.653+0000] {processor.py:914} INFO - Processing file /opt/airflow/dags/aiwork_pipeline.py for tasks to queue
[2026-08-19T18:23:47.657+0000] {logging_mixin.py:190} INFO - [2026-08-19T18:23:47.657+0000] {dagbag.py:588} INFO - Filling up the DagBag from /opt/airflow/dags/aiwork_pipeline.py
[2026-08-19T18:23:47.679+0000] {processor.py:925} INFO - DAG(s) 'aiwork_pipeline' retrieved from /opt/airflow/dags/aiwork_pipeline.py
[2026-08-19T18:23:47.718+0000] {logging_mixin.py:190} INFO - [2026-08-19T18:23:47.717+0000] {dag.py:3239} INFO - Sync 1 DAGs
[2026-08-19T18:23:47.738+0000] {logging_mixin.py:190} INFO - [2026-08-19T18:23:47.738+0000] {dag.py:4180} INFO - Setting next_dagrun for aiwork_pipeline to 2026-08-09 00:00:00+00:00, run_after=2026-08-16 00:00:00+00:00
[2026-08-19T18:23:47.751+0000] {processor.py:208} INFO - Processing /opt/airflow/dags/aiwork_pipeline.py took 0.114 seconds
[2026-08-19T18:24:18.166+0000] {processor.py:186} INFO - Started process (PID=321) to work on /opt/airflow/dags/aiwork_pipeline.py
[2026-08-19T18:24:18.168+0000] {processor.py:914} INFO - Processing file /opt/airflow/dags/aiwork_pipeline.py for tasks to queue
[2026-08-19T18:24:18.172+0000] {logging_mixin.py:190} INFO - [2026-08-19T18:24:18.171+0000] {dagbag.py:588} INFO - Filling up the DagBag from /opt/airflow/dags/aiwork_pipeline.py
[2026-08-19T18:24:18.193+0000] {processor.py:925} INFO - DAG(s) 'aiwork_pipeline' retrieved from /opt/airflow/dags/aiwork_pipeline.py
[2026-08-19T18:24:18.221+0000] {logging_mixin.py:190} INFO - [2026-08-19T18:24:18.221+0000] {dag.py:3239} INFO - Sync 1 DAGs
[2026-08-19T18:24:18.241+0000] {logging_mixin.py:190} INFO - [2026-08-19T18:24:18.241+0000] {dag.py:4180} INFO - Setting next_dagrun for aiwork_pipeline to 2026-08-09 00:00:00+00:00, run_after=2026-08-16 00:00:00+00:00
[2026-08-19T18:24:18.253+0000] {processor.py:208} INFO - Processing /opt/airflow/dags/aiwork_pipeline.py took 0.100 seconds
[2026-08-19T18:24:19.414+0000] {processor.py:186} INFO - Started process (PID=326) to work on /opt/airflow/dags/aiwork_pipeline.py
[2026-08-19T18:24:19.416+0000] {processor.py:914} INFO - Processing file /opt/airflow/dags/aiwork_pipeline.py for tasks to queue
[2026-08-19T18:24:19.421+0000] {logging_mixin.py:190} INFO - [2026-08-19T18:24:19.420+0000] {dagbag.py:588} INFO - Filling up the DagBag from /opt/airflow/dags/aiwork_pipeline.py
[2026-08-19T18:24:19.457+0000] {processor.py:925} INFO - DAG(s) 'aiwork_pipeline' retrieved from /opt/airflow/dags/aiwork_pipeline.py
[2026-08-19T18:24:19.694+0000] {logging_mixin.py:190} INFO - [2026-08-19T18:24:19.694+0000] {dag.py:3239} INFO - Sync 1 DAGs
[2026-08-19T18:24:19.708+0000] {logging_mixin.py:190} INFO - [2026-08-19T18:24:19.708+0000] {dag.py:4180} INFO - Setting next_dagrun for aiwork_pipeline to 2026-08-09 00:00:00+00:00, run_after=2026-08-16 00:00:00+00:00
[2026-08-19T18:24:19.719+0000] {processor.py:208} INFO - Processing /opt/airflow/dags/aiwork_pipeline.py took 0.328 seconds
[2026-08-19T18:24:49.786+0000] {processor.py:186} INFO - Started process (PID=331) to work on /opt/airflow/dags/aiwork_pipeline.py
[2026-08-19T18:24:49.788+0000] {processor.py:914} INFO - Processing file /opt/airflow/dags/aiwork_pipeline.py for tasks to queue
[2026-08-19T18:24:49.792+0000] {logging_mixin.py:190} INFO - [2026-08-19T18:24:49.792+0000] {dagbag.py:588} INFO - Filling up the DagBag from /opt/airflow/dags/aiwork_pipeline.py
[2026-08-19T18:24:49.820+0000] {processor.py:925} INFO - DAG(s) 'aiwork_pipeline' retrieved from /opt/airflow/dags/aiwork_pipeline.py
[2026-08-19T18:24:49.853+0000] {logging_mixin.py:190} INFO - [2026-08-19T18:24:49.853+0000] {dag.py:3239} INFO - Sync 1 DAGs
[2026-08-19T18:24:49.870+0000] {logging_mixin.py:190} INFO - [2026-08-19T18:24:49.870+0000] {dag.py:4180} INFO - Setting next_dagrun for aiwork_pipeline to 2026-08-09 00:00:00+00:00, run_after=2026-08-16 00:00:00+00:00
[2026-08-19T18:24:49.880+0000] {processor.py:208} INFO - Processing /opt/airflow/dags/aiwork_pipeline.py took 0.111 seconds
[2026-08-19T18:25:18.836+0000] {processor.py:186} INFO - Started process (PID=164) to work on /opt/airflow/dags/aiwork_pipeline.py
[2026-08-19T18:25:18.837+0000] {processor.py:914} INFO - Processing file /opt/airflow/dags/aiwork_pipeline.py for tasks to queue
[2026-08-19T18:25:18.840+0000] {logging_mixin.py:190} INFO - [2026-08-19T18:25:18.839+0000] {dagbag.py:588} INFO - Filling up the DagBag from /opt/airflow/dags/aiwork_pipeline.py
[2026-08-19T18:25:18.853+0000] {processor.py:925} INFO - DAG(s) 'aiwork_pipeline' retrieved from /opt/airflow/dags/aiwork_pipeline.py
[2026-08-19T18:25:18.875+0000] {logging_mixin.py:190} INFO - [2026-08-19T18:25:18.875+0000] {dag.py:3239} INFO - Sync 1 DAGs
[2026-08-19T18:25:18.889+0000] {logging_mixin.py:190} INFO - [2026-08-19T18:25:18.889+0000] {dag.py:4180} INFO - Setting next_dagrun for aiwork_pipeline to 2026-08-09 00:00:00+00:00, run_after=2026-08-16 00:00:00+00:00
[2026-08-19T18:25:18.897+0000] {processor.py:208} INFO - Processing /opt/airflow/dags/aiwork_pipeline.py took 0.067 seconds
[2026-08-19T18:25:49.254+0000] {processor.py:186} INFO - Started process (PID=191) to work on /opt/airflow/dags/aiwork_pipeline.py
[2026-08-19T18:25:49.255+0000] {processor.py:914} INFO - Processing file /opt/airflow/dags/aiwork_pipeline.py for tasks to queue
[2026-08-19T18:25:49.264+0000] {logging_mixin.py:190} INFO - [2026-08-19T18:25:49.264+0000] {dagbag.py:588} INFO - Filling up the DagBag from /opt/airflow/dags/aiwork_pipeline.py
[2026-08-19T18:25:49.286+0000] {processor.py:925} INFO - DAG(s) 'aiwork_pipeline' retrieved from /opt/airflow/dags/aiwork_pipeline.py
[2026-08-19T18:25:49.313+0000] {logging_mixin.py:190} INFO - [2026-08-19T18:25:49.313+0000] {dag.py:3239} INFO - Sync 1 DAGs
[2026-08-19T18:25:49.328+0000] {logging_mixin.py:190} INFO - [2026-08-19T18:25:49.327+0000] {dag.py:4180} INFO - Setting next_dagrun for aiwork_pipeline to 2026-08-09 00:00:00+00:00, run_after=2026-08-16 00:00:00+00:00
[2026-08-19T18:25:49.336+0000] {processor.py:208} INFO - Processing /opt/airflow/dags/aiwork_pipeline.py took 0.090 seconds
[2026-08-19T18:26:19.612+0000] {processor.py:186} INFO - Started process (PID=196) to work on /opt/airflow/dags/aiwork_pipeline.py
[2026-08-19T18:26:19.613+0000] {processor.py:914} INFO - Processing file /opt/airflow/dags/aiwork_pipeline.py for tasks to queue
[2026-08-19T18:26:19.617+0000] {logging_mixin.py:190} INFO - [2026-08-19T18:26:19.616+0000] {dagbag.py:588} INFO - Filling up the DagBag from /opt/airflow/dags/aiwork_pipeline.py
[2026-08-19T18:26:19.639+0000] {processor.py:925} INFO - DAG(s) 'aiwork_pipeline' retrieved from /opt/airflow/dags/aiwork_pipeline.py
[2026-08-19T18:26:19.663+0000] {logging_mixin.py:190} INFO - [2026-08-19T18:26:19.663+0000] {dag.py:3239} INFO - Sync 1 DAGs
[2026-08-19T18:26:19.677+0000] {logging_mixin.py:190} INFO - [2026-08-19T18:26:19.677+0000] {dag.py:4180} INFO - Setting next_dagrun for aiwork_pipeline to 2026-08-09 00:00:00+00:00, run_after=2026-08-16 00:00:00+00:00
[2026-08-19T18:26:19.689+0000] {processor.py:208} INFO - Processing /opt/airflow/dags/aiwork_pipeline.py took 0.088 seconds
[2026-08-19T18:26:50.002+0000] {processor.py:186} INFO - Started process (PID=201) to work on /opt/airflow/dags/aiwork_pipeline.py
[2026-08-19T18:26:50.004+0000] {processor.py:914} INFO - Processing file /opt/airflow/dags/aiwork_pipeline.py for tasks to queue
[2026-08-19T18:26:50.008+0000] {logging_mixin.py:190} INFO - [2026-08-19T18:26:50.007+0000] {dagbag.py:588} INFO - Filling up the DagBag from /opt/airflow/dags/aiwork_pipeline.py
[2026-08-19T18:26:50.039+0000] {processor.py:925} INFO - DAG(s) 'aiwork_pipeline' retrieved from /opt/airflow/dags/aiwork_pipeline.py
[2026-08-19T18:26:50.084+0000] {logging_mixin.py:190} INFO - [2026-08-19T18:26:50.084+0000] {dag.py:3239} INFO - Sync 1 DAGs
[2026-08-19T18:26:50.107+0000] {logging_mixin.py:190} INFO - [2026-08-19T18:26:50.107+0000] {dag.py:4180} INFO - Setting next_dagrun for aiwork_pipeline to 2026-08-09 00:00:00+00:00, run_after=2026-08-16 00:00:00+00:00
[2026-08-19T18:26:50.124+0000] {processor.py:208} INFO - Processing /opt/airflow/dags/aiwork_pipeline.py took 0.132 seconds
[2026-08-19T18:27:20.369+0000] {processor.py:186} INFO - Started process (PID=206) to work on /opt/airflow/dags/aiwork_pipeline.py
[2026-08-19T18:27:20.371+0000] {processor.py:914} INFO - Processing file /opt/airflow/dags/aiwork_pipeline.py for tasks to queue
[2026-08-19T18:27:20.375+0000] {logging_mixin.py:190} INFO - [2026-08-19T18:27:20.374+0000] {dagbag.py:588} INFO - Filling up the DagBag from /opt/airflow/dags/aiwork_pipeline.py
[2026-08-19T18:27:20.394+0000] {processor.py:925} INFO - DAG(s) 'aiwork_pipeline' retrieved from /opt/airflow/dags/aiwork_pipeline.py
[2026-08-19T18:27:20.427+0000] {logging_mixin.py:190} INFO - [2026-08-19T18:27:20.427+0000] {dag.py:3239} INFO - Sync 1 DAGs
[2026-08-19T18:27:20.445+0000] {logging_mixin.py:190} INFO - [2026-08-19T18:27:20.444+0000] {dag.py:4180} INFO - Setting next_dagrun for aiwork_pipeline to 2026-08-09 00:00:00+00:00, run_after=2026-08-16 00:00:00+00:00
[2026-08-19T18:27:20.454+0000] {processor.py:208} INFO - Processing /opt/airflow/dags/aiwork_pipeline.py took 0.098 seconds
[2026-08-19T18:27:50.852+0000] {processor.py:186} INFO - Started process (PID=211) to work on /opt/airflow/dags/aiwork_pipeline.py
[2026-08-19T18:27:50.853+0000] {processor.py:914} INFO - Processing file /opt/airflow/dags/aiwork_pipeline.py for tasks to queue
[2026-08-19T18:27:50.862+0000] {logging_mixin.py:190} INFO - [2026-08-19T18:27:50.862+0000] {dagbag.py:588} INFO - Filling up the DagBag from /opt/airflow/dags/aiwork_pipeline.py
[2026-08-19T18:27:50.886+0000] {processor.py:925} INFO - DAG(s) 'aiwork_pipeline' retrieved from /opt/airflow/dags/aiwork_pipeline.py
[2026-08-19T18:27:50.919+0000] {logging_mixin.py:190} INFO - [2026-08-19T18:27:50.919+0000] {dag.py:3239} INFO - Sync 1 DAGs
[2026-08-19T18:27:50.938+0000] {logging_mixin.py:190} INFO - [2026-08-19T18:27:50.938+0000] {dag.py:4180} INFO - Setting next_dagrun for aiwork_pipeline to 2026-08-09 00:00:00+00:00, run_after=2026-08-16 00:00:00+00:00
[2026-08-19T18:27:50.948+0000] {processor.py:208} INFO - Processing /opt/airflow/dags/aiwork_pipeline.py took 0.110 seconds
[2026-08-19T18:28:21.266+0000] {processor.py:186} INFO - Started process (PID=216) to work on /opt/airflow/dags/aiwork_pipeline.py
[2026-08-19T18:28:21.268+0000] {processor.py:914} INFO - Processing file /opt/airflow/dags/aiwork_pipeline.py for tasks to queue
[2026-08-19T18:28:21.271+0000] {logging_mixin.py:190} INFO - [2026-08-19T18:28:21.271+0000] {dagbag.py:588} INFO - Filling up the DagBag from /opt/airflow/dags/aiwork_pipeline.py
[2026-08-19T18:28:21.295+0000] {processor.py:925} INFO - DAG(s) 'aiwork_pipeline' retrieved from /opt/airflow/dags/aiwork_pipeline.py
[2026-08-19T18:28:21.335+0000] {logging_mixin.py:190} INFO - [2026-08-19T18:28:21.335+0000] {dag.py:3239} INFO - Sync 1 DAGs
[2026-08-19T18:28:21.353+0000] {logging_mixin.py:190} INFO - [2026-08-19T18:28:21.352+0000] {dag.py:4180} INFO - Setting next_dagrun for aiwork_pipeline to 2026-08-09 00:00:00+00:00, run_after=2026-08-16 00:00:00+00:00
[2026-08-19T18:28:21.366+0000] {processor.py:208} INFO - Processing /opt/airflow/dags/aiwork_pipeline.py took 0.111 seconds
